Component: ARM Compiler 5.06 (build 20) Tool: armlink [4d35a3]

==============================================================================

Section Cross References

    main.o(i.led_task) refers to tm1624.o(i.Tm1624_Display2) for Tm1624_Display2
    main.o(i.main) refers to george_system.o(i.Init) for Init
    main.o(i.main) refers to os_task.o(i.OSTaskCreate) for OSTaskCreate
    main.o(i.main) refers to os_core.o(i.OSStart) for OSStart
    main.o(i.main) refers to main.o(.bss) for START_TASK_STK
    main.o(i.main) refers to main.o(i.start_task) for start_task
    main.o(i.robot_task) refers to usart2.o(i.UsartRace_Data) for UsartRace_Data
    main.o(i.robot_task) refers to usart2.o(i.ClearUart2) for ClearUart2
    main.o(i.robot_task) refers to main.o(.data) for Mk_UsartAll
    main.o(i.robot_task) refers to usart2.o(.data) for RxCount
    main.o(i.start_task) refers to os_cpu_a.o(.text) for OS_CPU_SR_Save
    main.o(i.start_task) refers to os_task.o(i.OSTaskCreate) for OSTaskCreate
    main.o(i.start_task) refers to os_task.o(i.OSTaskSuspend) for OSTaskSuspend
    main.o(i.start_task) refers to main.o(.bss) for ROBOT_TASK_STK
    main.o(i.start_task) refers to main.o(i.robot_task) for robot_task
    main.o(i.start_task) refers to main.o(i.led_task) for led_task
    stm32f10x_it.o(i.TIM2_IRQHandler) refers to stm32f10x_tim.o(i.TIM_GetITStatus) for TIM_GetITStatus
    stm32f10x_it.o(i.TIM2_IRQHandler) refers to stm32f10x_tim.o(i.TIM_ClearITPendingBit) for TIM_ClearITPendingBit
    stm32f10x_it.o(i.TIM2_IRQHandler) refers to usart2.o(.data) for RxCount
    stm32f10x_it.o(i.TIM2_IRQHandler) refers to stm32f10x_it.o(.data) for pre_cnt_rs2
    stm32f10x_it.o(i.TIM2_IRQHandler) refers to main.o(.data) for Mk_UsartAll
    george_system.o(i.Init) refers to system_stm32f10x.o(i.SystemInit) for SystemInit
    george_system.o(i.Init) refers to delay.o(i.delay_init) for delay_init
    george_system.o(i.Init) refers to misc.o(i.NVIC_PriorityGroupConfig) for NVIC_PriorityGroupConfig
    george_system.o(i.Init) refers to usart.o(i.uart_init) for uart_init
    george_system.o(i.Init) refers to usart2.o(i.uart2_init) for uart2_init
    george_system.o(i.Init) refers to timer.o(i.TIM2_Int_Init) for TIM2_Int_Init
    george_system.o(i.Init) refers to servo.o(i.Servo_Init) for Servo_Init
    george_system.o(i.Init) refers to stepper.o(i.Step_Motor_GPIO_Init) for Step_Motor_GPIO_Init
    george_system.o(i.Init) refers to tm1624.o(i.Tm1624_Init) for Tm1624_Init
    george_system.o(i.Init) refers to os_core.o(i.OSInit) for OSInit
    george_system.o(i.Init) refers to servo.o(.data) for Pulse1
    george_system.o(i.process) refers to robot.o(i.Forward) for Forward
    george_system.o(i.process) refers to robot.o(i.Backward) for Backward
    george_system.o(i.process) refers to robot.o(i.Turn_Left) for Turn_Left
    george_system.o(i.process) refers to robot.o(i.Turn_Right) for Turn_Right
    george_system.o(i.process) refers to robot.o(i.Shake) for Shake
    george_system.o(i.process) refers to robot.o(i.Dance) for Dance
    george_system.o(i.process) refers to robot.o(i.Head_Action) for Head_Action
    george_system.o(i.process) refers to usart2.o(.bss) for RxBuffer
    system_stm32f10x.o(i.SetSysClock) refers to system_stm32f10x.o(i.SetSysClockTo72) for SetSysClockTo72
    system_stm32f10x.o(i.SystemCoreClockUpdate) refers to system_stm32f10x.o(.data) for SystemCoreClock
    system_stm32f10x.o(i.SystemInit) refers to system_stm32f10x.o(i.SetSysClock) for SetSysClock
    robot.o(i.Backward) refers to servo.o(i.Servo3_pos) for Servo3_pos
    robot.o(i.Backward) refers to delay.o(i.delay_ms) for delay_ms
    robot.o(i.Backward) refers to servo.o(i.Servo4_pos) for Servo4_pos
    robot.o(i.Backward) refers to servo.o(i.Servo1_pos) for Servo1_pos
    robot.o(i.Backward) refers to servo.o(i.Servo2_pos) for Servo2_pos
    robot.o(i.Dance) refers to servo.o(i.Servo3_pos) for Servo3_pos
    robot.o(i.Dance) refers to servo.o(i.Servo4_pos) for Servo4_pos
    robot.o(i.Dance) refers to delay.o(i.delay_ms) for delay_ms
    robot.o(i.Forward) refers to servo.o(i.Servo4_pos) for Servo4_pos
    robot.o(i.Forward) refers to delay.o(i.delay_ms) for delay_ms
    robot.o(i.Forward) refers to servo.o(i.Servo3_pos) for Servo3_pos
    robot.o(i.Forward) refers to servo.o(i.Servo2_pos) for Servo2_pos
    robot.o(i.Forward) refers to servo.o(i.Servo1_pos) for Servo1_pos
    robot.o(i.Head_Action) refers to stepper.o(i.motorNcircle) for motorNcircle
    robot.o(i.Head_Action) refers to delay.o(i.delay_ms) for delay_ms
    robot.o(i.Shake) refers to servo.o(i.Servo4_pos) for Servo4_pos
    robot.o(i.Shake) refers to delay.o(i.delay_ms) for delay_ms
    robot.o(i.Shake) refers to servo.o(i.Servo3_pos) for Servo3_pos
    robot.o(i.Shake) refers to servo.o(i.Servo1_pos) for Servo1_pos
    robot.o(i.Shake) refers to servo.o(i.Servo2_pos) for Servo2_pos
    robot.o(i.Turn_Left) refers to servo.o(i.Servo4_pos) for Servo4_pos
[...]
    ../clib/printf_percent.s                 0x00000000   Number         0  _printf_percent.o ABSOLUTE
    ../clib/signal.c                         0x00000000   Number         0  defsig_rtred_inner.o ABSOLUTE
    ../clib/signal.c                         0x00000000   Number         0  defsig_fpe_inner.o ABSOLUTE
    ../clib/signal.c                         0x00000000   Number         0  defsig_abrt_inner.o ABSOLUTE
    ../clib/signal.c                         0x00000000   Number         0  defsig_general.o ABSOLUTE
    ../clib/signal.c                         0x00000000   Number         0  defsig_rtmem_inner.o ABSOLUTE
    ../clib/signal.c                         0x00000000   Number         0  defsig_exit.o ABSOLUTE
    ../clib/signal.c                         0x00000000   Number         0  defsig_rtmem_formal.o ABSOLUTE
    ../clib/signal.c                         0x00000000   Number         0  defsig_pvfn_inner.o ABSOLUTE
    ../clib/signal.c                         0x00000000   Number         0  defsig_rtmem_outer.o ABSOLUTE
    ../clib/signal.c                         0x00000000   Number         0  __raise.o ABSOLUTE
    ../clib/signal.c                         0x00000000   Number         0  defsig_other.o ABSOLUTE
    ../clib/signal.c                         0x00000000   Number         0  defsig_segv_inner.o ABSOLUTE
    ../clib/signal.c                         0x00000000   Number         0  defsig_cppl_inner.o ABSOLUTE
    ../clib/signal.c                         0x00000000   Number         0  defsig_stak_inner.o ABSOLUTE
    ../clib/signal.s                         0x00000000   Number         0  defsig.o ABSOLUTE
    ../clib/stdio.c                          0x00000000   Number         0  ferror.o ABSOLUTE
    ../clib/stdio.c                          0x00000000   Number         0  ferror_locked.o ABSOLUTE
    ../clib/stdlib.c                         0x00000000   Number         0  exit.o ABSOLUTE
    ../fplib/fpinit.s                        0x00000000   Number         0  fpinit.o ABSOLUTE
    ..\CORE\core_cm3.c                       0x00000000   Number         0  core_cm3.o ABSOLUTE
    ..\CORE\startup_stm32f10x_md.s           0x00000000   Number         0  startup_stm32f10x_md.o ABSOLUTE
    ..\HARDWARE\LED\led.c                    0x00000000   Number         0  led.o ABSOLUTE
    ..\HARDWARE\digit_servo\servo.c          0x00000000   Number         0  servo.o ABSOLUTE
    ..\HARDWARE\ps2\ps2.c                    0x00000000   Number         0  ps2.o ABSOLUTE
    ..\HARDWARE\stepper\stepper.c            0x00000000   Number         0  stepper.o ABSOLUTE
    ..\HARDWARE\tm1624\tm1624.c              0x00000000   Number         0  tm1624.o ABSOLUTE
    ..\STM32F10x_FWLib\src\misc.c            0x00000000   Number         0  misc.o ABSOLUTE
    ..\STM32F10x_FWLib\src\stm32f10x_dbgmcu.c 0x00000000   Number         0  stm32f10x_dbgmcu.o ABSOLUTE
    ..\STM32F10x_FWLib\src\stm32f10x_exti.c  0x00000000   Number         0  stm32f10x_exti.o ABSOLUTE
    ..\STM32F10x_FWLib\src\stm32f10x_gpio.c  0x00000000   Number         0  stm32f10x_gpio.o ABSOLUTE
    ..\STM32F10x_FWLib\src\stm32f10x_iwdg.c  0x00000000   Number         0  stm32f10x_iwdg.o ABSOLUTE
    ..\STM32F10x_FWLib\src\stm32f10x_pwr.c   0x00000000   Number         0  stm32f10x_pwr.o ABSOLUTE
    ..\STM32F10x_FWLib\src\stm32f10x_rcc.c   0x00000000   Number         0  stm32f10x_rcc.o ABSOLUTE
    ..\STM32F10x_FWLib\src\stm32f10x_tim.c   0x00000000   Number         0  stm32f10x_tim.o ABSOLUTE
    ..\STM32F10x_FWLib\src\stm32f10x_usart.c 0x00000000   Number         0  stm32f10x_usart.o ABSOLUTE
    ..\SYSTEM\delay\delay.c                  0x00000000   Number         0  delay.o ABSOLUTE
    ..\SYSTEM\sys\sys.c                      0x00000000   Number         0  sys.o ABSOLUTE
    ..\SYSTEM\timer\timer.c                  0x00000000   Number         0  timer.o ABSOLUTE
    ..\SYSTEM\usart\usart.c                  0x00000000   Number         0  usart.o ABSOLUTE
    ..\SYSTEM\usart\usart2.c                 0x00000000   Number         0  usart2.o ABSOLUTE
    ..\SYSTEM\wakeup\wkup.c                  0x00000000   Number         0  wkup.o ABSOLUTE
    ..\SYSTEM\watchdog\watchdog.c            0x00000000   Number         0  watchdog.o ABSOLUTE
    ..\UCOSII\CORE\os_core.c                 0x00000000   Number         0  os_core.o ABSOLUTE
    ..\UCOSII\CORE\os_flag.c                 0x00000000   Number         0  os_flag.o ABSOLUTE
    ..\UCOSII\CORE\os_mbox.c                 0x00000000   Number         0  os_mbox.o ABSOLUTE
    ..\UCOSII\CORE\os_mem.c                  0x00000000   Number         0  os_mem.o ABSOLUTE
    ..\UCOSII\CORE\os_mutex.c                0x00000000   Number         0  os_mutex.o ABSOLUTE
    ..\UCOSII\CORE\os_q.c                    0x00000000   Number         0  os_q.o ABSOLUTE
    ..\UCOSII\CORE\os_sem.c                  0x00000000   Number         0  os_sem.o ABSOLUTE
    ..\UCOSII\CORE\os_task.c                 0x00000000   Number         0  os_task.o ABSOLUTE
    ..\UCOSII\CORE\os_time.c                 0x00000000   Number         0  os_time.o ABSOLUTE
    ..\UCOSII\CORE\os_tmr.c                  0x00000000   Number         0  os_tmr.o ABSOLUTE
    ..\UCOSII\PORT\os_cpu_a.asm              0x00000000   Number         0  os_cpu_a.o ABSOLUTE
    ..\UCOSII\PORT\os_cpu_c.c                0x00000000   Number         0  os_cpu_c.o ABSOLUTE
    ..\\CORE\\core_cm3.c                     0x00000000   Number         0  core_cm3.o ABSOLUTE
    ..\\SYSTEM\\sys\\sys.c                   0x00000000   Number         0  sys.o ABSOLUTE
    dc.s                                     0x00000000   Number         0  dc.o ABSOLUTE
    george_system.c                          0x00000000   Number         0  george_system.o ABSOLUTE
    main.c                                   0x00000000   Number         0  main.o ABSOLUTE
    robot.c                                  0x00000000   Number         0  robot.o ABSOLUTE
    stm32f10x_it.c                           0x00000000   Number         0  stm32f10x_it.o ABSOLUTE
    system_stm32f10x.c                       0x00000000   Number         0  system_stm32f10x.o ABSOLUTE
    RESET                                    0x08000000   Section      236  startup_stm32f10x_md.o(RESET)
    !!!main                                  0x080000ec   Section        8  __main.o(!!!main)
    !!!scatter                               0x080000f4   Section       52  __scatter.o(!!!scatter)
    !!handler_copy                           0x08000128   Section       26  __scatter_copy.o(!!handler_copy)
    !!handler_zi                             0x08000144   Section       28  __scatter_zi.o(!!handler_zi)
    .ARM.Collect$$_printf_percent$$00000000  0x08000160   Section        0  _printf_percent.o(.ARM.Collect$$_printf_percent$$00000000)
    .ARM.Collect$$_printf_percent$$00000009  0x08000160   Section        6  _printf_d.o(.ARM.Collect$$_printf_percent$$00000009)
    .ARM.Collect$$_printf_percent$$00000017  0x08000166   Section        4  _printf_percent_end.o(.ARM.Collect$$_printf_percent$$00000017)
    .ARM.Collect$$libinit$$00000000          0x0800016a   Section        2  libinit.o(.ARM.Collect$$libinit$$00000000)
    .ARM.Collect$$libinit$$00000002          0x0800016c   Section        0  libinit2.o(.ARM.Collect$$libinit$$00000002)
    .ARM.Collect$$libinit$$00000004          0x0800016c   Section        0  libinit2.o(.ARM.Collect$$libinit$$00000004)
    .ARM.Collect$$libinit$$0000000A          0x0800016c   Section        0  libinit2.o(.ARM.Collect$$libinit$$0000000A)
    .ARM.Collect$$libinit$$0000000C          0x0800016c   Section        0  libinit2.o(.ARM.Collect$$libinit$$0000000C)
    .ARM.Collect$$libinit$$0000000E          0x0800016c   Section        0  libinit2.o(.ARM.Collect$$libinit$$0000000E)
    .ARM.Collect$$libinit$$00000011          0x0800016c   Section        0  libinit2.o(.ARM.Collect$$libinit$$00000011)
    .ARM.Collect$$libinit$$00000013          0x0800016c   Section        0  libinit2.o(.ARM.Collect$$libinit$$00000013)
    .ARM.Collect$$libinit$$00000015          0x0800016c   Section        0  libinit2.o(.ARM.Collect$$libinit$$00000015)
    .ARM.Collect$$libinit$$00000017          0x0800016c   Section        0  libinit2.o(.ARM.Collect$$libinit$$00000017)
    .ARM.Collect$$libinit$$00000019          0x0800016c   Section        0  libinit2.o(.ARM.Collect$$libinit$$00000019)
    .ARM.Collect$$libinit$$0000001B          0x0800016c   Section        0  libinit2.o(.ARM.Collect$$libinit$$0000001B)
    .ARM.Collect$$libinit$$0000001D          0x0800016c   Section        0  libinit2.o(.ARM.Collect$$libinit$$0000001D)
    .ARM.Collect$$libinit$$0000001F          0x0800016c   Section        0  libinit2.o(.ARM.Collect$$libinit$$0000001F)
    .ARM.Collect$$libinit$$00000021          0x0800016c   Section        0  libinit2.o(.ARM.Collect$$libinit$$00000021)
    .ARM.Collect$$libinit$$00000023          0x0800016c   Section        0  libinit2.o(.ARM.Collect$$libinit$$00000023)
    .ARM.Collect$$libinit$$00000025          0x0800016c   Section        0  libinit2.o(.ARM.Collect$$libinit$$00000025)
    .ARM.Collect$$libinit$$0000002C          0x0800016c   Section        0  libinit2.o(.ARM.Collect$$libinit$$0000002C)
    .ARM.Collect$$libinit$$0000002E          0x0800016c   Section        0  libinit2.o(.ARM.Collect$$libinit$$0000002E)
    .ARM.Collect$$libinit$$00000030          0x0800016c   Section        0  libinit2.o(.ARM.Collect$$libinit$$00000030)
    .ARM.Collect$$libinit$$00000032          0x0800016c   Section        0  libinit2.o(.ARM.Collect$$libinit$$00000032)
    .ARM.Collect$$libinit$$00000033          0x0800016c   Section        2  libinit2.o(.ARM.Collect$$libinit$$00000033)
    .ARM.Collect$$libshutdown$$00000000      0x0800016e   Section        2  libshutdown.o(.ARM.Collect$$libshutdown$$00000000)
    .ARM.Collect$$libshutdown$$00000002      0x08000170   Section        0  libshutdown2.o(.ARM.Collect$$libshutdown$$00000002)
    .ARM.Collect$$libshutdown$$00000004      0x08000170   Section        0  libshutdown2.o(.ARM.Collect$$libshutdown$$00000004)
    .ARM.Collect$$libshutdown$$00000007      0x08000170   Section        0  libshutdown2.o(.ARM.Collect$$libshutdown$$00000007)
    .ARM.Collect$$libshutdown$$0000000A      0x08000170   Section        0  libshutdown2.o(.ARM.Collect$$libshutdown$$0000000A)
    .ARM.Collect$$libshutdown$$0000000C      0x08000170   Section        0  libshutdown2.o(.ARM.Collect$$libshutdown$$0000000C)
    .ARM.Collect$$libshutdown$$0000000F      0x08000170   Section        0  libshutdown2.o(.ARM.Collect$$libshutdown$$0000000F)
    .ARM.Collect$$libshutdown$$00000010      0x08000170   Section        2  libshutdown2.o(.ARM.Collect$$libshutdown$$00000010)
    .ARM.Collect$$rtentry$$00000000          0x08000172   Section        0  __rtentry.o(.ARM.Collect$$rtentry$$00000000)
    .ARM.Collect$$rtentry$$00000002          0x08000172   Section        0  __rtentry2.o(.ARM.Collect$$rtentry$$00000002)
    .ARM.Collect$$rtentry$$00000004          0x08000172   Section        6  __rtentry4.o(.ARM.Collect$$rtentry$$00000004)
    .ARM.Collect$$rtentry$$00000009          0x08000178   Section        0  __rtentry2.o(.ARM.Collect$$rtentry$$00000009)
    .ARM.Collect$$rtentry$$0000000A          0x08000178   Section        4  __rtentry2.o(.ARM.Collect$$rtentry$$0000000A)
    .ARM.Collect$$rtentry$$0000000C          0x0800017c   Section        0  __rtentry2.o(.ARM.Collect$$rtentry$$0000000C)
    .ARM.Collect$$rtentry$$0000000D          0x0800017c   Section        8  __rtentry2.o(.ARM.Collect$$rtentry$$0000000D)
    .ARM.Collect$$rtexit$$00000000           0x08000184   Section        2  rtexit.o(.ARM.Collect$$rtexit$$00000000)
    .ARM.Collect$$rtexit$$00000002           0x08000186   Section        0  rtexit2.o(.ARM.Collect$$rtexit$$00000002)
    .ARM.Collect$$rtexit$$00000003           0x08000186   Section        4  rtexit2.o(.ARM.Collect$$rtexit$$00000003)
    .ARM.Collect$$rtexit$$00000004           0x0800018a   Section        6  rtexit2.o(.ARM.Collect$$rtexit$$00000004)
    .text                                    0x08000190   Section       52  startup_stm32f10x_md.o(.text)
    .text                                    0x080001c4   Section      180  os_cpu_a.o(.text)
    .text                                    0x08000278   Section        2  use_no_semi_2.o(.text)
    .text                                    0x0800027c   Section        0  noretval__2printf.o(.text)
    .text                                    0x08000294   Section        0  __printf.o(.text)
    .text                                    0x080002fc   Section        0  _printf_dec.o(.text)
    .text                                    0x08000374   Section        0  heapauxi.o(.text)
    .text                                    0x0800037a   Section        2  use_no_semi.o(.text)
    .text                                    0x0800037c   Section        0  _printf_intcommon.o(.text)
    .text                                    0x08000430   Section        0  _printf_char_file.o(.text)
    .text                                    0x08000454   Section        0  _printf_char_common.o(.text)
    _printf_input_char                       0x08000455   Thumb Code    10  _printf_char_common.o(.text)
    .text                                    0x08000484   Section        0  ferror.o(.text)
    .text                                    0x0800048c   Section       74  sys_stackheap_outer.o(.text)
    .text                                    0x080004d6   Section        0  exit.o(.text)
    .text                                    0x080004e8   Section        8  libspace.o(.text)
    i.Backward                               0x080004f0   Section        0  robot.o(i.Backward)
    i.BusFault_Handler                       0x08000612   Section        0  stm32f10x_it.o(i.BusFault_Handler)
    i.Check_WKUP                             0x08000618   Section        0  wkup.o(i.Check_WKUP)
    i.ClearUart2                             0x08000640   Section        0  usart2.o(i.ClearUart2)
    i.Clear_TM1624                           0x08000658   Section        0  tm1624.o(i.Clear_TM1624)
    i.Dance                                  0x08000694   Section        0  robot.o(i.Dance)
    i.DebugMon_Handler                       0x080006ca   Section        0  stm32f10x_it.o(i.DebugMon_Handler)
    i.EXTI0_IRQHandler                       0x080006cc   Section        0  wkup.o(i.EXTI0_IRQHandler)
    i.EXTI_ClearITPendingBit                 0x080006e0   Section        0  stm32f10x_exti.o(i.EXTI_ClearITPendingBit)
    i.Forward                                0x080006ec   Section        0  robot.o(i.Forward)
    i.GPIO_Init                              0x0800080e   Section        0  stm32f10x_gpio.o(i.GPIO_Init)
    i.GPIO_ResetBits                         0x08000924   Section        0  stm32f10x_gpio.o(i.GPIO_ResetBits)
    i.GPIO_SetBits                           0x08000928   Section        0  stm32f10x_gpio.o(i.GPIO_SetBits)
    i.HardFault_Handler                      0x0800092c   Section        0  stm32f10x_it.o(i.HardFault_Handler)
    i.Head_Action                            0x08000930   Section        0  robot.o(i.Head_Action)
    i.Init                                   0x08000974   Section        0  george_system.o(i.Init)
    i.MemManage_Handler                      0x080009dc   Section        0  stm32f10x_it.o(i.MemManage_Handler)
    i.NMI_Handler                            0x080009e0   Section        0  stm32f10x_it.o(i.NMI_Handler)
    i.NVIC_Init                              0x080009e4   Section        0  misc.o(i.NVIC_Init)
    i.NVIC_PriorityGroupConfig               0x08000a54   Section        0  misc.o(i.NVIC_PriorityGroupConfig)
    i.OSInit                                 0x08000a68   Section        0  os_core.o(i.OSInit)
    i.OSInitHookBegin                        0x08000a94   Section        0  os_cpu_c.o(i.OSInitHookBegin)
    i.OSInitHookEnd                          0x08000a96   Section        0  os_cpu_c.o(i.OSInitHookEnd)
    i.OSIntEnter                             0x08000a98   Section        0  os_core.o(i.OSIntEnter)
    i.OSIntExit                              0x08000abc   Section        0  os_core.o(i.OSIntExit)
    i.OSSchedLock                            0x08000b4c   Section        0  os_core.o(i.OSSchedLock)
    i.OSSchedUnlock                          0x08000b8c   Section        0  os_core.o(i.OSSchedUnlock)
    i.OSStart                                0x08000bec   Section        0  os_core.o(i.OSStart)
    i.OSTCBInitHook                          0x08000c34   Section        0  os_cpu_c.o(i.OSTCBInitHook)
    i.OSTaskCreate                           0x08000c38   Section        0  os_task.o(i.OSTaskCreate)
    i.OSTaskCreateExt                        0x08000cd8   Section        0  os_task.o(i.OSTaskCreateExt)
    i.OSTaskCreateHook                       0x08000d90   Section        0  os_cpu_c.o(i.OSTaskCreateHook)
    i.OSTaskIdleHook                         0x08000d92   Section        0  os_cpu_c.o(i.OSTaskIdleHook)
    i.OSTaskNameSet                          0x08000d94   Section        0  os_task.o(i.OSTaskNameSet)
    i.OSTaskStatHook                         0x08000e04   Section        0  os_cpu_c.o(i.OSTaskStatHook)
    i.OSTaskStkChk                           0x08000e08   Section        0  os_task.o(i.OSTaskStkChk)
    i.OSTaskStkInit                          0x08000e94   Section        0  os_cpu_c.o(i.OSTaskStkInit)
    i.OSTaskSuspend                          0x08000f30   Section        0  os_task.o(i.OSTaskSuspend)
    i.OSTaskSwHook                           0x08000fd8   Section        0  os_cpu_c.o(i.OSTaskSwHook)
    i.OSTimeDly                              0x08000fdc   Section        0  os_time.o(i.OSTimeDly)
    i.OSTimeTick                             0x08001054   Section        0  os_core.o(i.OSTimeTick)
    i.OSTimeTickHook                         0x08001140   Section        0  os_cpu_c.o(i.OSTimeTickHook)
    i.OS_FlagInit                            0x08001144   Section        0  os_flag.o(i.OS_FlagInit)
    i.OS_InitEventList                       0x0800119c   Section        0  os_core.o(i.OS_InitEventList)
    OS_InitEventList                         0x0800119d   Thumb Code    74  os_core.o(i.OS_InitEventList)
    i.OS_InitMisc                            0x080011f0   Section        0  os_core.o(i.OS_InitMisc)
    OS_InitMisc                              0x080011f1   Thumb Code    44  os_core.o(i.OS_InitMisc)
    i.OS_InitRdyList                         0x08001244   Section        0  os_core.o(i.OS_InitRdyList)
    OS_InitRdyList                           0x08001245   Thumb Code    44  os_core.o(i.OS_InitRdyList)
    i.OS_InitTCBList                         0x08001288   Section        0  os_core.o(i.OS_InitTCBList)
    OS_InitTCBList                           0x08001289   Thumb Code   106  os_core.o(i.OS_InitTCBList)
    i.OS_InitTaskIdle                        0x08001308   Section        0  os_core.o(i.OS_InitTaskIdle)
    OS_InitTaskIdle                          0x08001309   Thumb Code    50  os_core.o(i.OS_InitTaskIdle)
    i.OS_InitTaskStat                        0x08001358   Section        0  os_core.o(i.OS_InitTaskStat)
    OS_InitTaskStat                          0x08001359   Thumb Code    50  os_core.o(i.OS_InitTaskStat)
    i.OS_MemClr                              0x080013a8   Section        0  os_core.o(i.OS_MemClr)
    i.OS_QInit                               0x080013bc   Section        0  os_q.o(i.OS_QInit)
    i.OS_Sched                               0x0800140c   Section        0  os_core.o(i.OS_Sched)
    i.OS_SchedNew                            0x08001480   Section        0  os_core.o(i.OS_SchedNew)
    OS_SchedNew                              0x08001481   Thumb Code    26  os_core.o(i.OS_SchedNew)
    i.OS_TCBInit                             0x080014ac   Section        0  os_core.o(i.OS_TCBInit)
    i.OS_TaskIdle                            0x080015e0   Section        0  os_core.o(i.OS_TaskIdle)
    i.OS_TaskStat                            0x08001608   Section        0  os_core.o(i.OS_TaskStat)
    i.OS_TaskStatStkChk                      0x08001690   Section        0  os_core.o(i.OS_TaskStatStkChk)
    i.OS_TaskStkClr                          0x080016cc   Section        0  os_task.o(i.OS_TaskStkClr)
    i.PWR_EnterSTANDBYMode                   0x080016e8   Section        0  stm32f10x_pwr.o(i.PWR_EnterSTANDBYMode)
    i.PWR_WakeUpPinCmd                       0x0800171c   Section        0  stm32f10x_pwr.o(i.PWR_WakeUpPinCmd)
    i.RCC_APB1PeriphClockCmd                 0x08001728   Section        0  stm32f10x_rcc.o(i.RCC_APB1PeriphClockCmd)
    i.RCC_APB2PeriphClockCmd                 0x08001748   Section        0  stm32f10x_rcc.o(i.RCC_APB2PeriphClockCmd)
    i.RCC_APB2PeriphResetCmd                 0x08001768   Section        0  stm32f10x_rcc.o(i.RCC_APB2PeriphResetCmd)
    i.RCC_GetClocksFreq                      0x08001788   Section        0  stm32f10x_rcc.o(i.RCC_GetClocksFreq)
    i.SVC_Handler                            0x0800185c   Section        0  stm32f10x_it.o(i.SVC_Handler)
    i.Servo1                                 0x08001860   Section        0  servo.o(i.Servo1)
    i.Servo1_pos                             0x08001874   Section        0  servo.o(i.Servo1_pos)
    i.Servo2                                 0x080018c4   Section        0  servo.o(i.Servo2)
    i.Servo2_pos                             0x080018d8   Section        0  servo.o(i.Servo2_pos)
    i.Servo3                                 0x08001928   Section        0  servo.o(i.Servo3)
    i.Servo3_pos                             0x0800193c   Section        0  servo.o(i.Servo3_pos)
    i.Servo4                                 0x080019a8   Section        0  servo.o(i.Servo4)
    i.Servo4_pos                             0x080019bc   Section        0  servo.o(i.Servo4_pos)
    i.Servo_Init                             0x08001a14   Section        0  servo.o(i.Servo_Init)
    i.SetMotor                               0x08001b34   Section        0  stepper.o(i.SetMotor)
    i.SetSysClock                            0x08001ba4   Section        0  system_stm32f10x.o(i.SetSysClock)
    SetSysClock                              0x08001ba5   Thumb Code     8  system_stm32f10x.o(i.SetSysClock)
    i.SetSysClockTo72                        0x08001bac   Section        0  system_stm32f10x.o(i.SetSysClockTo72)
    SetSysClockTo72                          0x08001bad   Thumb Code   214  system_stm32f10x.o(i.SetSysClockTo72)
    i.Shake                                  0x08001c8c   Section        0  robot.o(i.Shake)
    i.Step_Motor_GPIO_Init                   0x08001d8c   Section        0  stepper.o(i.Step_Motor_GPIO_Init)
    i.SysTick_CLKSourceConfig                0x08001db8   Section        0  misc.o(i.SysTick_CLKSourceConfig)
    i.SysTick_Handler                        0x08001de0   Section        0  delay.o(i.SysTick_Handler)
    i.Sys_Enter_Standby                      0x08001dfc   Section        0  wkup.o(i.Sys_Enter_Standby)
    i.Sys_Standby                            0x08001e0e   Section        0  wkup.o(i.Sys_Standby)
    i.SystemInit                             0x08001e24   Section        0  system_stm32f10x.o(i.SystemInit)
    i.TIM2_IRQHandler                        0x08001e84   Section        0  stm32f10x_it.o(i.TIM2_IRQHandler)
    i.TIM2_Int_Init                          0x08001eec   Section        0  timer.o(i.TIM2_Int_Init)
    i.TIM_ARRPreloadConfig                   0x08001f48   Section        0  stm32f10x_tim.o(i.TIM_ARRPreloadConfig)
    i.TIM_ClearITPendingBit                  0x08001f60   Section        0  stm32f10x_tim.o(i.TIM_ClearITPendingBit)
    i.TIM_Cmd                                0x08001f66   Section        0  stm32f10x_tim.o(i.TIM_Cmd)
    i.TIM_CtrlPWMOutputs                     0x08001f7e   Section        0  stm32f10x_tim.o(i.TIM_CtrlPWMOutputs)
    i.TIM_GetITStatus                        0x08001f9c   Section        0  stm32f10x_tim.o(i.TIM_GetITStatus)
    i.TIM_ITConfig                           0x08001fbe   Section        0  stm32f10x_tim.o(i.TIM_ITConfig)
    i.TIM_OC1Init                            0x08001fd0   Section        0  stm32f10x_tim.o(i.TIM_OC1Init)
    i.TIM_OC2Init                            0x08002068   Section        0  stm32f10x_tim.o(i.TIM_OC2Init)
    i.TIM_OC2PreloadConfig                   0x0800210c   Section        0  stm32f10x_tim.o(i.TIM_OC2PreloadConfig)
    i.TIM_OC3Init                            0x08002128   Section        0  stm32f10x_tim.o(i.TIM_OC3Init)
    i.TIM_OC3PreloadConfig                   0x080021c8   Section        0  stm32f10x_tim.o(i.TIM_OC3PreloadConfig)
    i.TIM_OC4Init                            0x080021dc   Section        0  stm32f10x_tim.o(i.TIM_OC4Init)
    i.TIM_OC4PreloadConfig                   0x08002258   Section        0  stm32f10x_tim.o(i.TIM_OC4PreloadConfig)
    i.TIM_SetCompare1                        0x08002272   Section        0  stm32f10x_tim.o(i.TIM_SetCompare1)
    i.TIM_SetCompare2                        0x08002276   Section        0  stm32f10x_tim.o(i.TIM_SetCompare2)
    i.TIM_SetCompare3                        0x0800227a   Section        0  stm32f10x_tim.o(i.TIM_SetCompare3)
    i.TIM_SetCompare4                        0x0800227e   Section        0  stm32f10x_tim.o(i.TIM_SetCompare4)
    i.TIM_TimeBaseInit                       0x08002284   Section        0  stm32f10x_tim.o(i.TIM_TimeBaseInit)
    i.TM1624_Write                           0x08002328   Section        0  tm1624.o(i.TM1624_Write)
    i.Tm1624_Display2                        0x08002390   Section        0  tm1624.o(i.Tm1624_Display2)
    i.Tm1624_Init                            0x080023fc   Section        0  tm1624.o(i.Tm1624_Init)
    i.Turn_Left                              0x08002434   Section        0  robot.o(i.Turn_Left)
    i.Turn_Right                             0x080024cc   Section        0  robot.o(i.Turn_Right)
    i.USART2_IRQHandler                      0x08002564   Section        0  usart2.o(i.USART2_IRQHandler)
    i.USART_ClearFlag                        0x08002590   Section        0  stm32f10x_usart.o(i.USART_ClearFlag)
    i.USART_Cmd                              0x080025a2   Section        0  stm32f10x_usart.o(i.USART_Cmd)
    i.USART_GetFlagStatus                    0x080025ba   Section        0  stm32f10x_usart.o(i.USART_GetFlagStatus)
    i.USART_GetITStatus                      0x080025d4   Section        0  stm32f10x_usart.o(i.USART_GetITStatus)
    i.USART_ITConfig                         0x08002628   Section        0  stm32f10x_usart.o(i.USART_ITConfig)
    i.USART_Init                             0x08002674   Section        0  stm32f10x_usart.o(i.USART_Init)
    i.USART_ReceiveData                      0x0800274c   Section        0  stm32f10x_usart.o(i.USART_ReceiveData)
    i.USART_SendData                         0x08002756   Section        0  stm32f10x_usart.o(i.USART_SendData)
    i.UsageFault_Handler                     0x0800275e   Section        0  stm32f10x_it.o(i.UsageFault_Handler)
    i.UsartRace_Data                         0x08002764   Section        0  usart2.o(i.UsartRace_Data)
    i.WriteUart2Buff                         0x08002790   Section        0  usart2.o(i.WriteUart2Buff)
    i.Write_Com                              0x080027b8   Section        0  tm1624.o(i.Write_Com)
    i._sys_exit                              0x080027e4   Section        0  usart.o(i._sys_exit)
    i.delay_init                             0x080027e8   Section        0  delay.o(i.delay_init)
    i.delay_ms                               0x08002844   Section        0  delay.o(i.delay_ms)
    i.delay_osschedlock                      0x08002894   Section        0  delay.o(i.delay_osschedlock)
    i.delay_osschedunlock                    0x0800289c   Section        0  delay.o(i.delay_osschedunlock)
    i.delay_ostimedly                        0x080028a4   Section        0  delay.o(i.delay_ostimedly)
    i.delay_us                               0x080028b0   Section        0  delay.o(i.delay_us)
    i.fputc                                  0x0800290c   Section        0  usart.o(i.fputc)
    i.led_task                               0x08002930   Section        0  main.o(i.led_task)
    i.main                                   0x08002938   Section        0  main.o(i.main)
    i.motorNcircle                           0x0800295c   Section        0  stepper.o(i.motorNcircle)
    i.process                                0x080029b0   Section        0  george_system.o(i.process)
    i.robot_task                             0x08002a00   Section        0  main.o(i.robot_task)
    i.start_task                             0x08002a28   Section        0  main.o(i.start_task)
    i.uart2_init                             0x08002a6c   Section        0  usart2.o(i.uart2_init)
    i.uart_init                              0x08002b10   Section        0  usart.o(i.uart_init)
    .constdata                               0x08002bb0   Section      256  os_core.o(.constdata)
    .data                                    0x20000000   Section        2  main.o(.data)
    .data                                    0x20000002   Section        2  stm32f10x_it.o(.data)
    .data                                    0x20000004   Section       20  system_stm32f10x.o(.data)
    .data                                    0x20000018   Section        7  servo.o(.data)
    .data                                    0x2000001f   Section       16  stepper.o(.data)
    .data                                    0x20000030   Section        4  delay.o(.data)
    fac_us                                   0x20000030   Data           1  delay.o(.data)
    fac_ms                                   0x20000032   Data           2  delay.o(.data)
    .data                                    0x20000034   Section        5  usart.o(.data)
    .data                                    0x20000039   Section        1  usart2.o(.data)
    .data                                    0x2000003a   Section       20  stm32f10x_rcc.o(.data)
    APBAHBPrescTable                         0x2000003a   Data          16  stm32f10x_rcc.o(.data)
    ADCPrescTable                            0x2000004a   Data           4  stm32f10x_rcc.o(.data)
    .data                                    0x20000050   Section       72  os_core.o(.data)
    .bss                                     0x20000098   Section      768  main.o(.bss)
    .bss                                     0x20000398   Section       15  usart2.o(.bss)
    .bss                                     0x200003a8   Section     2688  os_core.o(.bss)
    .bss                                     0x20000e28   Section       96  libspace.o(.bss)
    HEAP                                     0x20000e88   Section        0  startup_stm32f10x_md.o(HEAP)
    STACK                                    0x20000e88   Section      512  startup_stm32f10x_md.o(STACK)
    Heap_Mem                                 0x20000e88   Data           0  startup_stm32f10x_md.o(HEAP)
    Stack_Mem                                0x20000e88   Data         512  startup_stm32f10x_md.o(STACK)
    __initial_sp                             0x20001088   Data           0  startup_stm32f10x_md.o(STACK)

    Global Symbols

    Symbol Name                              Value     Ov Type        Size  Object(Section)

    BuildAttributes$$THM_ISAv4$P$D$K$B$S$PE$A:L22UL41UL21$X:L11$S22US41US21$IEEE1$IW$USESV6$~STKCKD$USESV7$~SHL$OSPACE$ROPI$EBA8$UX$STANDARDLIB$REQ8$PRES8$EABIv2 0x00000000   Number         0  anon$$obj.o ABSOLUTE
    __ARM_use_no_argv                        0x00000000   Number         0  main.o ABSOLUTE
    __ARM_exceptions_init                     - Undefined Weak Reference
    __alloca_initialize                       - Undefined Weak Reference
    __arm_preinit_                            - Undefined Weak Reference
    __cpp_initialize__aeabi_                  - Undefined Weak Reference
    __cxa_finalize                            - Undefined Weak Reference
    __rt_locale                               - Undefined Weak Reference
    __sigvec_lookup                           - Undefined Weak Reference
    _atexit_init                              - Undefined Weak Reference
    _call_atexit_fns                          - Undefined Weak Reference
    _clock_init                               - Undefined Weak Reference
    _fp_trap_init                             - Undefined Weak Reference
    _fp_trap_shutdown                         - Undefined Weak Reference
    _get_lc_collate                           - Undefined Weak Reference
    _get_lc_ctype                             - Undefined Weak Reference
    _get_lc_monetary                          - Undefined Weak Reference
    _get_lc_numeric                           - Undefined Weak Reference
    _get_lc_time                              - Undefined Weak Reference
    _getenv_init                              - Undefined Weak Reference
    _handle_redirection                       - Undefined Weak Reference
    _init_alloc                               - Undefined Weak Reference
    _init_user_alloc                          - Undefined Weak Reference
    _initio                                   - Undefined Weak Reference
    _mutex_acquire                            - Undefined Weak Reference
    _mutex_release                            - Undefined Weak Reference
    _printf_post_padding                      - Undefined Weak Reference
    _printf_pre_padding                       - Undefined Weak Reference
    _printf_truncate_signed                   - Undefined Weak Reference
    _printf_truncate_unsigned                 - Undefined Weak Reference
    _rand_init                                - Undefined Weak Reference
    _signal_finish                            - Undefined Weak Reference
    _signal_init                              - Undefined Weak Reference
    _terminate_alloc                          - Undefined Weak Reference
    _terminate_user_alloc                     - Undefined Weak Reference
    _terminateio                              - Undefined Weak Reference
    __Vectors_Size                           0x000000ec   Number         0  startup_stm32f10x_md.o ABSOLUTE
    __Vectors                                0x08000000   Data           4  startup_stm32f10x_md.o(RESET)
    __Vectors_End                            0x080000ec   Data           0  startup_stm32f10x_md.o(RESET)
    __main                                   0x080000ed   Thumb Code     8  __main.o(!!!main)
    __scatterload                            0x080000f5   Thumb Code     0  __scatter.o(!!!scatter)
    __scatterload_rt2                        0x080000f5   Thumb Code    44  __scatter.o(!!!scatter)
    __scatterload_rt2_thumb_only             0x080000f5   Thumb Code     0  __scatter.o(!!!scatter)
    __scatterload_null                       0x08000103   Thumb Code     0  __scatter.o(!!!scatter)
    __scatterload_copy                       0x08000129   Thumb Code    26  __scatter_copy.o(!!handler_copy)
    __scatterload_zeroinit                   0x08000145   Thumb Code    28  __scatter_zi.o(!!handler_zi)
    _printf_d                                0x08000161   Thumb Code     0  _printf_d.o(.ARM.Collect$$_printf_percent$$00000009)
    _printf_percent                          0x08000161   Thumb Code     0  _printf_percent.o(.ARM.Collect$$_printf_percent$$00000000)
    _printf_percent_end                      0x08000167   Thumb Code     0  _printf_percent_end.o(.ARM.Collect$$_printf_percent$$00000017)
    __rt_lib_init                            0x0800016b   Thumb Code     0  libinit.o(.ARM.Collect$$libinit$$00000000)
    __rt_lib_init_alloca_1                   0x0800016d   Thumb Code     0  libinit2.o(.ARM.Collect$$libinit$$0000002E)
    __rt_lib_init_argv_1                     0x0800016d   Thumb Code     0  libinit2.o(.ARM.Collect$$libinit$$0000002C)
    __rt_lib_init_atexit_1                   0x0800016d   Thumb Code     0  libinit2.o(.ARM.Collect$$libinit$$0000001B)
    __rt_lib_init_clock_1                    0x0800016d   Thumb Code     0  libinit2.o(.ARM.Collect$$libinit$$00000021)
    __rt_lib_init_cpp_1                      0x0800016d   Thumb Code     0  libinit2.o(.ARM.Collect$$libinit$$00000032)
    __rt_lib_init_exceptions_1               0x0800016d   Thumb Code     0  libinit2.o(.ARM.Collect$$libinit$$00000030)
    __rt_lib_init_fp_1                       0x0800016d   Thumb Code     0  libinit2.o(.ARM.Collect$$libinit$$00000002)
    __rt_lib_init_fp_trap_1                  0x0800016d   Thumb Code     0  libinit2.o(.ARM.Collect$$libinit$$0000001F)
    __rt_lib_init_getenv_1                   0x0800016d   Thumb Code     0  libinit2.o(.ARM.Collect$$libinit$$00000023)
    __rt_lib_init_heap_1                     0x0800016d   Thumb Code     0  libinit2.o(.ARM.Collect$$libinit$$0000000A)
    __rt_lib_init_lc_collate_1               0x0800016d   Thumb Code     0  libinit2.o(.ARM.Collect$$libinit$$00000011)
    __rt_lib_init_lc_ctype_1                 0x0800016d   Thumb Code     0  libinit2.o(.ARM.Collect$$libinit$$00000013)
    __rt_lib_init_lc_monetary_1              0x0800016d   Thumb Code     0  libinit2.o(.ARM.Collect$$libinit$$00000015)
    __rt_lib_init_lc_numeric_1               0x0800016d   Thumb Code     0  libinit2.o(.ARM.Collect$$libinit$$00000017)
    __rt_lib_init_lc_time_1                  0x0800016d   Thumb Code     0  libinit2.o(.ARM.Collect$$libinit$$00000019)
    __rt_lib_init_preinit_1                  0x0800016d   Thumb Code     0  libinit2.o(.ARM.Collect$$libinit$$00000004)
    __rt_lib_init_rand_1                     0x0800016d   Thumb Code     0  libinit2.o(.ARM.Collect$$libinit$$0000000E)
    __rt_lib_init_return                     0x0800016d   Thumb Code     0  libinit2.o(.ARM.Collect$$libinit$$00000033)
    __rt_lib_init_signal_1                   0x0800016d   Thumb Code     0  libinit2.o(.ARM.Collect$$libinit$$0000001D)
    __rt_lib_init_stdio_1                    0x0800016d   Thumb Code     0  libinit2.o(.ARM.Collect$$libinit$$00000025)
    __rt_lib_init_user_alloc_1               0x0800016d   Thumb Code     0  libinit2.o(.ARM.Collect$$libinit$$0000000C)
    __rt_lib_shutdown                        0x0800016f   Thumb Code     0  libshutdown.o(.ARM.Collect$$libshutdown$$00000000)
    __rt_lib_shutdown_cpp_1                  0x08000171   Thumb Code     0  libshutdown2.o(.ARM.Collect$$libshutdown$$00000002)
    __rt_lib_shutdown_fp_trap_1              0x08000171   Thumb Code     0  libshutdown2.o(.ARM.Collect$$libshutdown$$00000007)
    __rt_lib_shutdown_heap_1                 0x08000171   Thumb Code     0  libshutdown2.o(.ARM.Collect$$libshutdown$$0000000F)
    __rt_lib_shutdown_return                 0x08000171   Thumb Code     0  libshutdown2.o(.ARM.Collect$$libshutdown$$00000010)
    __rt_lib_shutdown_signal_1               0x08000171   Thumb Code     0  libshutdown2.o(.ARM.Collect$$libshutdown$$0000000A)
    __rt_lib_shutdown_stdio_1                0x08000171   Thumb Code     0  libshutdown2.o(.ARM.Collect$$libshutdown$$00000004)
    __rt_lib_shutdown_user_alloc_1           0x08000171   Thumb Code     0  libshutdown2.o(.ARM.Collect$$libshutdown$$0000000C)
    __rt_entry                               0x08000173   Thumb Code     0  __rtentry.o(.ARM.Collect$$rtentry$$00000000)
    __rt_entry_presh_1                       0x08000173   Thumb Code     0  __rtentry2.o(.ARM.Collect$$rtentry$$00000002)
    __rt_entry_sh                            0x08000173   Thumb Code     0  __rtentry4.o(.ARM.Collect$$rtentry$$00000004)
    __rt_entry_li                            0x08000179   Thumb Code     0  __rtentry2.o(.ARM.Collect$$rtentry$$0000000A)
    __rt_entry_postsh_1                      0x08000179   Thumb Code     0  __rtentry2.o(.ARM.Collect$$rtentry$$00000009)
    __rt_entry_main                          0x0800017d   Thumb Code     0  __rtentry2.o(.ARM.Collect$$rtentry$$0000000D)
    __rt_entry_postli_1                      0x0800017d   Thumb Code     0  __rtentry2.o(.ARM.Collect$$rtentry$$0000000C)
    __rt_exit                                0x08000185   Thumb Code     0  rtexit.o(.ARM.Collect$$rtexit$$00000000)
    __rt_exit_ls                             0x08000187   Thumb Code     0  rtexit2.o(.ARM.Collect$$rtexit$$00000003)
    __rt_exit_prels_1                        0x08000187   Thumb Code     0  rtexit2.o(.ARM.Collect$$rtexit$$00000002)
    __rt_exit_exit                           0x0800018b   Thumb Code     0  rtexit2.o(.ARM.Collect$$rtexit$$00000004)
    Reset_Handler                            0x08000191   Thumb Code     4  startup_stm32f10x_md.o(.text)
    ADC1_2_IRQHandler                        0x080001a7   Thumb Code     0  startup_stm32f10x_md.o(.text)
    CAN1_RX1_IRQHandler                      0x080001a7   Thumb Code     0  startup_stm32f10x_md.o(.text)
    CAN1_SCE_IRQHandler                      0x080001a7   Thumb Code     0  startup_stm32f10x_md.o(.text)
    DMA1_Channel1_IRQHandler                 0x080001a7   Thumb Code     0  startup_stm32f10x_md.o(.text)
    DMA1_Channel2_IRQHandler                 0x080001a7   Thumb Code     0  startup_stm32f10x_md.o(.text)
    DMA1_Channel3_IRQHandler                 0x080001a7   Thumb Code     0  startup_stm32f10x_md.o(.text)
    DMA1_Channel4_IRQHandler                 0x080001a7   Thumb Code     0  startup_stm32f10x_md.o(.text)
    DMA1_Channel5_IRQHandler                 0x080001a7   Thumb Code     0  startup_stm32f10x_md.o(.text)
    DMA1_Channel6_IRQHandler                 0x080001a7   Thumb Code     0  startup_stm32f10x_md.o(.text)
    DMA1_Channel7_IRQHandler                 0x080001a7   Thumb Code     0  startup_stm32f10x_md.o(.text)
    EXTI15_10_IRQHandler                     0x080001a7   Thumb Code     0  startup_stm32f10x_md.o(.text)
    EXTI1_IRQHandler                         0x080001a7   Thumb Code     0  startup_stm32f10x_md.o(.text)
    EXTI2_IRQHandler                         0x080001a7   Thumb Code     0  startup_stm32f10x_md.o(.text)
    EXTI3_IRQHandler                         0x080001a7   Thumb Code     0  startup_stm32f10x_md.o(.text)
    EXTI4_IRQHandler                         0x080001a7   Thumb Code     0  startup_stm32f10x_md.o(.text)
    EXTI9_5_IRQHandler                       0x080001a7   Thumb Code     0  startup_stm32f10x_md.o(.text)
    FLASH_IRQHandler                         0x080001a7   Thumb Code     0  startup_stm32f10x_md.o(.text)
    I2C1_ER_IRQHandler                       0x080001a7   Thumb Code     0  startup_stm32f10x_md.o(.text)
    I2C1_EV_IRQHandler                       0x080001a7   Thumb Code     0  startup_stm32f10x_md.o(.text)
    I2C2_ER_IRQHandler                       0x080001a7   Thumb Code     0  startup_stm32f10x_md.o(.text)
    I2C2_EV_IRQHandler                       0x080001a7   Thumb Code     0  startup_stm32f10x_md.o(.text)
    PVD_IRQHandler                           0x080001a7   Thumb Code     0  startup_stm32f10x_md.o(.text)
    RCC_IRQHandler                           0x080001a7   Thumb Code     0  startup_stm32f10x_md.o(.text)
    RTCAlarm_IRQHandler                      0x080001a7   Thumb Code     0  startup_stm32f10x_md.o(.text)
    RTC_IRQHandler                           0x080001a7   Thumb Code     0  startup_stm32f10x_md.o(.text)
    SPI1_IRQHandler                          0x080001a7   Thumb Code     0  startup_stm32f10x_md.o(.text)
    SPI2_IRQHandler                          0x080001a7   Thumb Code     0  startup_stm32f10x_md.o(.text)
    TAMPER_IRQHandler                        0x080001a7   Thumb Code     0  startup_stm32f10x_md.o(.text)
    TIM1_BRK_IRQHandler                      0x080001a7   Thumb Code     0  startup_stm32f10x_md.o(.text)
    TIM1_CC_IRQHandler                       0x080001a7   Thumb Code     0  startup_stm32f10x_md.o(.text)
    TIM1_TRG_COM_IRQHandler                  0x080001a7   Thumb Code     0  startup_stm32f10x_md.o(.text)
    TIM1_UP_IRQHandler                       0x080001a7   Thumb Code     0  startup_stm32f10x_md.o(.text)
    TIM3_IRQHandler                          0x080001a7   Thumb Code     0  startup_stm32f10x_md.o(.text)
    TIM4_IRQHandler                          0x080001a7   Thumb Code     0  startup_stm32f10x_md.o(.text)
    USART1_IRQHandler                        0x080001a7   Thumb Code     0  startup_stm32f10x_md.o(.text)
    USART3_IRQHandler                        0x080001a7   Thumb Code     0  startup_stm32f10x_md.o(.text)
    USBWakeUp_IRQHandler                     0x080001a7   Thumb Code     0  startup_stm32f10x_md.o(.text)
    USB_HP_CAN1_TX_IRQHandler                0x080001a7   Thumb Code     0  startup_stm32f10x_md.o(.text)
    USB_LP_CAN1_RX0_IRQHandler               0x080001a7   Thumb Code     0  startup_stm32f10x_md.o(.text)
    WWDG_IRQHandler                          0x080001a7   Thumb Code     0  startup_stm32f10x_md.o(.text)
    __user_initial_stackheap                 0x080001a9   Thumb Code     0  startup_stm32f10x_md.o(.text)
    OS_CPU_SR_Save                           0x080001c5   Thumb Code     0  os_cpu_a.o(.text)
    OS_CPU_SR_Restore                        0x080001cd   Thumb Code     0  os_cpu_a.o(.text)
    OSStartHighRdy                           0x080001d3   Thumb Code     0  os_cpu_a.o(.text)
    OSCtxSw                                  0x080001f5   Thumb Code     0  os_cpu_a.o(.text)
    OSIntCtxSw                               0x08000203   Thumb Code     0  os_cpu_a.o(.text)
    PendSV_Handler                           0x08000213   Thumb Code     0  os_cpu_a.o(.text)
    __use_no_semihosting                     0x08000279   Thumb Code     2  use_no_semi_2.o(.text)
    __2printf                                0x0800027d   Thumb Code    20  noretval__2printf.o(.text)
    __printf                                 0x08000295   Thumb Code   104  __printf.o(.text)
    _printf_int_dec                          0x080002fd   Thumb Code   104  _printf_dec.o(.text)
    __use_two_region_memory                  0x08000375   Thumb Code     2  heapauxi.o(.text)
    __rt_heap_escrow$2region                 0x08000377   Thumb Code     2  heapauxi.o(.text)
    __rt_heap_expand$2region                 0x08000379   Thumb Code     2  heapauxi.o(.text)
    __I$use$semihosting                      0x0800037b   Thumb Code     0  use_no_semi.o(.text)
    __use_no_semihosting_swi                 0x0800037b   Thumb Code     2  use_no_semi.o(.text)
    _printf_int_common                       0x0800037d   Thumb Code   178  _printf_intcommon.o(.text)
    _printf_char_file                        0x08000431   Thumb Code    32  _printf_char_file.o(.text)
    _printf_char_common                      0x0800045f   Thumb Code    32  _printf_char_common.o(.text)
    ferror                                   0x08000485   Thumb Code     8  ferror.o(.text)
    __user_setup_stackheap                   0x0800048d   Thumb Code    74  sys_stackheap_outer.o(.text)
    exit                                     0x080004d7   Thumb Code    18  exit.o(.text)
    __user_libspace                          0x080004e9   Thumb Code     8  libspace.o(.text)
    __user_perproc_libspace                  0x080004e9   Thumb Code     0  libspace.o(.text)
    __user_perthread_libspace                0x080004e9   Thumb Code     0  libspace.o(.text)
    Backward                                 0x080004f1   Thumb Code   290  robot.o(i.Backward)
    BusFault_Handler                         0x08000613   Thumb Code     4  stm32f10x_it.o(i.BusFault_Handler)
    Check_WKUP                               0x08000619   Thumb Code    36  wkup.o(i.Check_WKUP)
    ClearUart2                               0x08000641   Thumb Code    20  usart2.o(i.ClearUart2)
    Clear_TM1624                             0x08000659   Thumb Code    54  tm1624.o(i.Clear_TM1624)
    Dance                                    0x08000695   Thumb Code    54  robot.o(i.Dance)
    DebugMon_Handler                         0x080006cb   Thumb Code     2  stm32f10x_it.o(i.DebugMon_Handler)
    EXTI0_IRQHandler                         0x080006cd   Thumb Code    20  wkup.o(i.EXTI0_IRQHandler)
    EXTI_ClearITPendingBit                   0x080006e1   Thumb Code     6  stm32f10x_exti.o(i.EXTI_ClearITPendingBit)
    Forward                                  0x080006ed   Thumb Code   290  robot.o(i.Forward)
    GPIO_Init                                0x0800080f   Thumb Code   278  stm32f10x_gpio.o(i.GPIO_Init)
    GPIO_ResetBits                           0x08000925   Thumb Code     4  stm32f10x_gpio.o(i.GPIO_ResetBits)
    GPIO_SetBits                             0x08000929   Thumb Code     4  stm32f10x_gpio.o(i.GPIO_SetBits)
    HardFault_Handler                        0x0800092d   Thumb Code     4  stm32f10x_it.o(i.HardFault_Handler)
    Head_Action                              0x08000931   Thumb Code    68  robot.o(i.Head_Action)
    Init                                     0x08000975   Thumb Code    86  george_system.o(i.Init)
    MemManage_Handler                        0x080009dd   Thumb Code     4  stm32f10x_it.o(i.MemManage_Handler)
    NMI_Handler                              0x080009e1   Thumb Code     2  stm32f10x_it.o(i.NMI_Handler)
    NVIC_Init                                0x080009e5   Thumb Code   100  misc.o(i.NVIC_Init)
    NVIC_PriorityGroupConfig                 0x08000a55   Thumb Code    10  misc.o(i.NVIC_PriorityGroupConfig)
    OSInit                                   0x08000a69   Thumb Code    44  os_core.o(i.OSInit)
    OSInitHookBegin                          0x08000a95   Thumb Code     2  os_cpu_c.o(i.OSInitHookBegin)
    OSInitHookEnd                            0x08000a97   Thumb Code     2  os_cpu_c.o(i.OSInitHookEnd)
    OSIntEnter                               0x08000a99   Thumb Code    28  os_core.o(i.OSIntEnter)
    OSIntExit                                0x08000abd   Thumb Code   112  os_core.o(i.OSIntExit)
    OSSchedLock                              0x08000b4d   Thumb Code    50  os_core.o(i.OSSchedLock)
    OSSchedUnlock                            0x08000b8d   Thumb Code    82  os_core.o(i.OSSchedUnlock)
    OSStart                                  0x08000bed   Thumb Code    48  os_core.o(i.OSStart)
    OSTCBInitHook                            0x08000c35   Thumb Code     2  os_cpu_c.o(i.OSTCBInitHook)
    OSTaskCreate                             0x08000c39   Thumb Code   148  os_task.o(i.OSTaskCreate)
    OSTaskCreateExt                          0x08000cd9   Thumb Code   170  os_task.o(i.OSTaskCreateExt)
    OSTaskCreateHook                         0x08000d91   Thumb Code     2  os_cpu_c.o(i.OSTaskCreateHook)
    OSTaskIdleHook                           0x08000d93   Thumb Code     2  os_cpu_c.o(i.OSTaskIdleHook)
    OSTaskNameSet                            0x08000d95   Thumb Code    98  os_task.o(i.OSTaskNameSet)
    OSTaskStatHook                           0x08000e05   Thumb Code     2  os_cpu_c.o(i.OSTaskStatHook)
    OSTaskStkChk                             0x08000e09   Thumb Code   132  os_task.o(i.OSTaskStkChk)
    OSTaskStkInit                            0x08000e95   Thumb Code   154  os_cpu_c.o(i.OSTaskStkInit)
    OSTaskSuspend                            0x08000f31   Thumb Code   152  os_task.o(i.OSTaskSuspend)
    OSTaskSwHook                             0x08000fd9   Thumb Code     2  os_cpu_c.o(i.OSTaskSwHook)
    OSTimeDly                                0x08000fdd   Thumb Code   100  os_time.o(i.OSTimeDly)
    OSTimeTick                               0x08001055   Thumb Code   210  os_core.o(i.OSTimeTick)
    OSTimeTickHook                           0x08001141   Thumb Code     2  os_cpu_c.o(i.OSTimeTickHook)
    OS_FlagInit                              0x08001145   Thumb Code    74  os_flag.o(i.OS_FlagInit)
    OS_MemClr                                0x080013a9   Thumb Code    18  os_core.o(i.OS_MemClr)
    OS_QInit                                 0x080013bd   Thumb Code    72  os_q.o(i.OS_QInit)
    OS_Sched                                 0x0800140d   Thumb Code    88  os_core.o(i.OS_Sched)
    OS_TCBInit                               0x080014ad   Thumb Code   278  os_core.o(i.OS_TCBInit)
    OS_TaskIdle                              0x080015e1   Thumb Code    34  os_core.o(i.OS_TaskIdle)
    OS_TaskStat                              0x08001609   Thumb Code   116  os_core.o(i.OS_TaskStat)
    OS_TaskStatStkChk                        0x08001691   Thumb Code    54  os_core.o(i.OS_TaskStatStkChk)
    OS_TaskStkClr                            0x080016cd   Thumb Code    26  os_task.o(i.OS_TaskStkClr)
    PWR_EnterSTANDBYMode                     0x080016e9   Thumb Code    42  stm32f10x_pwr.o(i.PWR_EnterSTANDBYMode)
    PWR_WakeUpPinCmd                         0x0800171d   Thumb Code     6  stm32f10x_pwr.o(i.PWR_WakeUpPinCmd)
    RCC_APB1PeriphClockCmd                   0x08001729   Thumb Code    26  stm32f10x_rcc.o(i.RCC_APB1PeriphClockCmd)
    RCC_APB2PeriphClockCmd                   0x08001749   Thumb Code    26  stm32f10x_rcc.o(i.RCC_APB2PeriphClockCmd)
    RCC_APB2PeriphResetCmd                   0x08001769   Thumb Code    26  stm32f10x_rcc.o(i.RCC_APB2PeriphResetCmd)
    RCC_GetClocksFreq                        0x08001789   Thumb Code   192  stm32f10x_rcc.o(i.RCC_GetClocksFreq)
    SVC_Handler                              0x0800185d   Thumb Code     2  stm32f10x_it.o(i.SVC_Handler)
    Servo1                                   0x08001861   Thumb Code    14  servo.o(i.Servo1)
    Servo1_pos                               0x08001875   Thumb Code    72  servo.o(i.Servo1_pos)
    Servo2                                   0x080018c5   Thumb Code    14  servo.o(i.Servo2)
    Servo2_pos                               0x080018d9   Thumb Code    72  servo.o(i.Servo2_pos)
    Servo3                                   0x08001929   Thumb Code    14  servo.o(i.Servo3)
    Servo3_pos                               0x0800193d   Thumb Code    84  servo.o(i.Servo3_pos)
    Servo4                                   0x080019a9   Thumb Code    14  servo.o(i.Servo4)
    Servo4_pos                               0x080019bd   Thumb Code    74  servo.o(i.Servo4_pos)
    Servo_Init                               0x08001a15   Thumb Code   258  servo.o(i.Servo_Init)
    SetMotor                                 0x08001b35   Thumb Code   106  stepper.o(i.SetMotor)
    Shake                                    0x08001c8d   Thumb Code   256  robot.o(i.Shake)
    Step_Motor_GPIO_Init                     0x08001d8d   Thumb Code    40  stepper.o(i.Step_Motor_GPIO_Init)
    SysTick_CLKSourceConfig                  0x08001db9   Thumb Code    40  misc.o(i.SysTick_CLKSourceConfig)
    SysTick_Handler                          0x08001de1   Thumb Code    24  delay.o(i.SysTick_Handler)
    Sys_Enter_Standby                        0x08001dfd   Thumb Code    18  wkup.o(i.Sys_Enter_Standby)
    Sys_Standby                              0x08001e0f   Thumb Code    22  wkup.o(i.Sys_Standby)
    SystemInit                               0x08001e25   Thumb Code    78  system_stm32f10x.o(i.SystemInit)
    TIM2_IRQHandler                          0x08001e85   Thumb Code    88  stm32f10x_it.o(i.TIM2_IRQHandler)
    TIM2_Int_Init                            0x08001eed   Thumb Code    92  timer.o(i.TIM2_Int_Init)
    TIM_ARRPreloadConfig                     0x08001f49   Thumb Code    24  stm32f10x_tim.o(i.TIM_ARRPreloadConfig)
    TIM_ClearITPendingBit                    0x08001f61   Thumb Code     6  stm32f10x_tim.o(i.TIM_ClearITPendingBit)
    TIM_Cmd                                  0x08001f67   Thumb Code    24  stm32f10x_tim.o(i.TIM_Cmd)
    TIM_CtrlPWMOutputs                       0x08001f7f   Thumb Code    30  stm32f10x_tim.o(i.TIM_CtrlPWMOutputs)
    TIM_GetITStatus                          0x08001f9d   Thumb Code    34  stm32f10x_tim.o(i.TIM_GetITStatus)
    TIM_ITConfig                             0x08001fbf   Thumb Code    18  stm32f10x_tim.o(i.TIM_ITConfig)
    TIM_OC1Init                              0x08001fd1   Thumb Code   132  stm32f10x_tim.o(i.TIM_OC1Init)
    TIM_OC2Init                              0x08002069   Thumb Code   154  stm32f10x_tim.o(i.TIM_OC2Init)
    TIM_OC2PreloadConfig                     0x0800210d   Thumb Code    26  stm32f10x_tim.o(i.TIM_OC2PreloadConfig)
    TIM_OC3Init                              0x08002129   Thumb Code   150  stm32f10x_tim.o(i.TIM_OC3Init)
    TIM_OC3PreloadConfig                     0x080021c9   Thumb Code    18  stm32f10x_tim.o(i.TIM_OC3PreloadConfig)
    TIM_OC4Init                              0x080021dd   Thumb Code   114  stm32f10x_tim.o(i.TIM_OC4Init)
    TIM_OC4PreloadConfig                     0x08002259   Thumb Code    26  stm32f10x_tim.o(i.TIM_OC4PreloadConfig)
    TIM_SetCompare1                          0x08002273   Thumb Code     4  stm32f10x_tim.o(i.TIM_SetCompare1)
    TIM_SetCompare2                          0x08002277   Thumb Code     4  stm32f10x_tim.o(i.TIM_SetCompare2)
    TIM_SetCompare3                          0x0800227b   Thumb Code     4  stm32f10x_tim.o(i.TIM_SetCompare3)
    TIM_SetCompare4                          0x0800227f   Thumb Code     6  stm32f10x_tim.o(i.TIM_SetCompare4)
    TIM_TimeBaseInit                         0x08002285   Thumb Code   122  stm32f10x_tim.o(i.TIM_TimeBaseInit)
    TM1624_Write                             0x08002329   Thumb Code    98  tm1624.o(i.TM1624_Write)
    Tm1624_Display2                          0x08002391   Thumb Code   104  tm1624.o(i.Tm1624_Display2)
    Tm1624_Init                              0x080023fd   Thumb Code    50  tm1624.o(i.Tm1624_Init)
    Turn_Left                                0x08002435   Thumb Code   152  robot.o(i.Turn_Left)
    Turn_Right                               0x080024cd   Thumb Code   152  robot.o(i.Turn_Right)
    USART2_IRQHandler                        0x08002565   Thumb Code    38  usart2.o(i.USART2_IRQHandler)
    USART_ClearFlag                          0x08002591   Thumb Code    18  stm32f10x_usart.o(i.USART_ClearFlag)
    USART_Cmd                                0x080025a3   Thumb Code    24  stm32f10x_usart.o(i.USART_Cmd)
    USART_GetFlagStatus                      0x080025bb   Thumb Code    26  stm32f10x_usart.o(i.USART_GetFlagStatus)
    USART_GetITStatus                        0x080025d5   Thumb Code    84  stm32f10x_usart.o(i.USART_GetITStatus)
    USART_ITConfig                           0x08002629   Thumb Code    74  stm32f10x_usart.o(i.USART_ITConfig)
    USART_Init                               0x08002675   Thumb Code   210  stm32f10x_usart.o(i.USART_Init)
    USART_ReceiveData                        0x0800274d   Thumb Code    10  stm32f10x_usart.o(i.USART_ReceiveData)
    USART_SendData                           0x08002757   Thumb Code     8  stm32f10x_usart.o(i.USART_SendData)
    UsageFault_Handler                       0x0800275f   Thumb Code     4  stm32f10x_it.o(i.UsageFault_Handler)
    UsartRace_Data                           0x08002765   Thumb Code    40  usart2.o(i.UsartRace_Data)
    WriteUart2Buff                           0x08002791   Thumb Code    32  usart2.o(i.WriteUart2Buff)
    Write_Com                                0x080027b9   Thumb Code    38  tm1624.o(i.Write_Com)
    _sys_exit                                0x080027e5   Thumb Code     4  usart.o(i._sys_exit)
    delay_init                               0x080027e9   Thumb Code    76  delay.o(i.delay_init)
    delay_ms                                 0x08002845   Thumb Code    66  delay.o(i.delay_ms)
    delay_osschedlock                        0x08002895   Thumb Code     8  delay.o(i.delay_osschedlock)
    delay_osschedunlock                      0x0800289d   Thumb Code     8  delay.o(i.delay_osschedunlock)
    delay_ostimedly                          0x080028a5   Thumb Code    12  delay.o(i.delay_ostimedly)
    delay_us                                 0x080028b1   Thumb Code    86  delay.o(i.delay_us)
    fputc                                    0x0800290d   Thumb Code    32  usart.o(i.fputc)
    led_task                                 0x08002931   Thumb Code     8  main.o(i.led_task)
    main                                     0x08002939   Thumb Code    26  main.o(i.main)
    motorNcircle                             0x0800295d   Thumb Code    74  stepper.o(i.motorNcircle)
    process                                  0x080029b1   Thumb Code    76  george_system.o(i.process)
    robot_task                               0x08002a01   Thumb Code    30  main.o(i.robot_task)
    start_task                               0x08002a29   Thumb Code    52  main.o(i.start_task)
    uart2_init                               0x08002a6d   Thumb Code   156  usart2.o(i.uart2_init)
    uart_init                                0x08002b11   Thumb Code   152  usart.o(i.uart_init)
    OSUnMapTbl                               0x08002bb0   Data         256  os_core.o(.constdata)
    Region$$Table$$Base                      0x08002cb0   Number         0  anon$$obj.o(Region$$Table)
    Region$$Table$$Limit                     0x08002cd0   Number         0  anon$$obj.o(Region$$Table)
    Mk_UsartAll                              0x20000000   Data           1  main.o(.data)
    led_flag                                 0x20000001   Data           1  main.o(.data)
    pre_cnt_rs2                              0x20000002   Data           1  stm32f10x_it.o(.data)
    tim2_count                               0x20000003   Data           1  stm32f10x_it.o(.data)
    SystemCoreClock                          0x20000004   Data           4  system_stm32f10x.o(.data)
    AHBPrescTable                            0x20000008   Data          16  system_stm32f10x.o(.data)
    i                                        0x20000018   Data           1  servo.o(.data)
    zhenzhen                                 0x20000019   Data           1  servo.o(.data)
    tim1                                     0x2000001a   Data           1  servo.o(.data)
    Pulse1                                   0x2000001b   Data           1  servo.o(.data)
    Pulse2                                   0x2000001c   Data           1  servo.o(.data)
    Pulse3                                   0x2000001d   Data           1  servo.o(.data)
    Pulse4                                   0x2000001e   Data           1  servo.o(.data)
    phasecw                                  0x2000001f   Data           8  stepper.o(.data)
    phaseccw                                 0x20000027   Data           8  stepper.o(.data)
    __stdout                                 0x20000034   Data           4  usart.o(.data)
    USART_RX_STA                             0x20000038   Data           1  usart.o(.data)
    RxCount                                  0x20000039   Data           1  usart2.o(.data)
    OSCtxSwCtr                               0x20000050   Data           4  os_core.o(.data)
    OSEventFreeList                          0x20000054   Data           4  os_core.o(.data)
    OSFlagFreeList                           0x20000058   Data           4  os_core.o(.data)
    OSCPUUsage                               0x2000005c   Data           1  os_core.o(.data)
    OSIdleCtrMax                             0x20000060   Data           4  os_core.o(.data)
    OSIdleCtrRun                             0x20000064   Data           4  os_core.o(.data)
    OSStatRdy                                0x20000068   Data           1  os_core.o(.data)
    OSIntNesting                             0x20000069   Data           1  os_core.o(.data)
    OSLockNesting                            0x2000006a   Data           1  os_core.o(.data)
    OSPrioCur                                0x2000006b   Data           1  os_core.o(.data)
    OSPrioHighRdy                            0x2000006c   Data           1  os_core.o(.data)
    OSRdyGrp                                 0x2000006d   Data           1  os_core.o(.data)
    OSRdyTbl                                 0x2000006e   Data           8  os_core.o(.data)
    OSRunning                                0x20000076   Data           1  os_core.o(.data)
    OSTaskCtr                                0x20000077   Data           1  os_core.o(.data)
    OSIdleCtr                                0x20000078   Data           4  os_core.o(.data)
    OSTCBCur                                 0x2000007c   Data           4  os_core.o(.data)
    OSTCBFreeList                            0x20000080   Data           4  os_core.o(.data)
    OSTCBHighRdy                             0x20000084   Data           4  os_core.o(.data)
    OSTCBList                                0x20000088   Data           4  os_core.o(.data)
    OSTickStepState                          0x2000008c   Data           1  os_core.o(.data)
    OSQFreeList                              0x20000090   Data           4  os_core.o(.data)
    OSTime                                   0x20000094   Data           4  os_core.o(.data)
    START_TASK_STK                           0x20000098   Data         256  main.o(.bss)
    ROBOT_TASK_STK                           0x20000198   Data         256  main.o(.bss)
    LED_TASK_STK                             0x20000298   Data         256  main.o(.bss)
    RxBuffer                                 0x20000398   Data          15  usart2.o(.bss)
    OSEventTbl                               0x200003a8   Data         200  os_core.o(.bss)
    OSFlagTbl                                0x20000470   Data          80  os_core.o(.bss)
    OSTaskStatStk                            0x200004c0   Data         512  os_core.o(.bss)
    OSTaskIdleStk                            0x200006c0   Data         512  os_core.o(.bss)
    OSTCBPrioTbl                             0x200008c0   Data         256  os_core.o(.bss)
    OSTCBTbl                                 0x200009c0   Data        1008  os_core.o(.bss)
    OSQTbl                                   0x20000db0   Data         120  os_core.o(.bss)
    __libspace_start                         0x20000e28   Data          96  libspace.o(.bss)
    __temporary_stack_top$libspace           0x20000e88   Data           0  libspace.o(.bss)



==============================================================================

Memory Map of the image

  Image Entry point : 0x08000191

  Load Region LR_1 (Base: 0x08000000, Size: 0x00002d68, Max: 0xffffffff, ABSOLUTE)

    Execution Region ER_RO (Base: 0x08000000, Size: 0x00002cd0, Max: 0xffffffff, ABSOLUTE)

    Base Addr    Size         Type   Attr      Idx    E Section Name        Object

    0x08000000   0x000000ec   Data   RO          848    RESET               startup_stm32f10x_md.o
    0x080000ec   0x00000008   Code   RO         2866  * !!!main             c_w.l(__main.o)
    0x080000f4   0x00000034   Code   RO         3034    !!!scatter          c_w.l(__scatter.o)
    0x08000128   0x0000001a   Code   RO         3036    !!handler_copy      c_w.l(__scatter_copy.o)
    0x08000142   0x00000002   PAD
    0x08000144   0x0000001c   Code   RO         3038    !!handler_zi        c_w.l(__scatter_zi.o)
    0x08000160   0x00000000   Code   RO         2863    .ARM.Collect$$_printf_percent$$00000000  c_w.l(_printf_percent.o)
    0x08000160   0x00000006   Code   RO         2862    .ARM.Collect$$_printf_percent$$00000009  c_w.l(_printf_d.o)
    0x08000166   0x00000004   Code   RO         2875    .ARM.Collect$$_printf_percent$$00000017  c_w.l(_printf_percent_end.o)
    0x0800016a   0x00000002   Code   RO         2908    .ARM.Collect$$libinit$$00000000  c_w.l(libinit.o)
    0x0800016c   0x00000000   Code   RO         2915    .ARM.Collect$$libinit$$00000002  c_w.l(libinit2.o)
    0x0800016c   0x00000000   Code   RO         2917    .ARM.Collect$$libinit$$00000004  c_w.l(libinit2.o)
    0x0800016c   0x00000000   Code   RO         2920    .ARM.Collect$$libinit$$0000000A  c_w.l(libinit2.o)
    0x0800016c   0x00000000   Code   RO         2922    .ARM.Collect$$libinit$$0000000C  c_w.l(libinit2.o)
    0x0800016c   0x00000000   Code   RO         2924    .ARM.Collect$$libinit$$0000000E  c_w.l(libinit2.o)
    0x0800016c   0x00000000   Code   RO         2927    .ARM.Collect$$libinit$$00000011  c_w.l(libinit2.o)
    0x0800016c   0x00000000   Code   RO         2929    .ARM.Collect$$libinit$$00000013  c_w.l(libinit2.o)
    0x0800016c   0x00000000   Code   RO         2931    .ARM.Collect$$libinit$$00000015  c_w.l(libinit2.o)
    0x0800016c   0x00000000   Code   RO         2933    .ARM.Collect$$libinit$$00000017  c_w.l(libinit2.o)
    0x0800016c   0x00000000   Code   RO         2935    .ARM.Collect$$libinit$$00000019  c_w.l(libinit2.o)
    0x0800016c   0x00000000   Code   RO         2937    .ARM.Collect$$libinit$$0000001B  c_w.l(libinit2.o)
    0x0800016c   0x00000000   Code   RO         2939    .ARM.Collect$$libinit$$0000001D  c_w.l(libinit2.o)
    0x0800016c   0x00000000   Code   RO         2941    .ARM.Collect$$libinit$$0000001F  c_w.l(libinit2.o)
    0x0800016c   0x00000000   Code   RO         2943    .ARM.Collect$$libinit$$00000021  c_w.l(libinit2.o)
    0x0800016c   0x00000000   Code   RO         2945    .ARM.Collect$$libinit$$00000023  c_w.l(libinit2.o)
    0x0800016c   0x00000000   Code   RO         2947    .ARM.Collect$$libinit$$00000025  c_w.l(libinit2.o)
    0x0800016c   0x00000000   Code   RO         2951    .ARM.Collect$$libinit$$0000002C  c_w.l(libinit2.o)
    0x0800016c   0x00000000   Code   RO         2953    .ARM.Collect$$libinit$$0000002E  c_w.l(libinit2.o)
    0x0800016c   0x00000000   Code   RO         2955    .ARM.Collect$$libinit$$00000030  c_w.l(libinit2.o)
    0x0800016c   0x00000000   Code   RO         2957    .ARM.Collect$$libinit$$00000032  c_w.l(libinit2.o)
    0x0800016c   0x00000002   Code   RO         2958    .ARM.Collect$$libinit$$00000033  c_w.l(libinit2.o)
    0x0800016e   0x00000002   Code   RO         2976    .ARM.Collect$$libshutdown$$00000000  c_w.l(libshutdown.o)
    0x08000170   0x00000000   Code   RO         2986    .ARM.Collect$$libshutdown$$00000002  c_w.l(libshutdown2.o)
    0x08000170   0x00000000   Code   RO         2988    .ARM.Collect$$libshutdown$$00000004  c_w.l(libshutdown2.o)
    0x08000170   0x00000000   Code   RO         2991    .ARM.Collect$$libshutdown$$00000007  c_w.l(libshutdown2.o)
    0x08000170   0x00000000   Code   RO         2994    .ARM.Collect$$libshutdown$$0000000A  c_w.l(libshutdown2.o)
    0x08000170   0x00000000   Code   RO         2996    .ARM.Collect$$libshutdown$$0000000C  c_w.l(libshutdown2.o)
    0x08000170   0x00000000   Code   RO         2999    .ARM.Collect$$libshutdown$$0000000F  c_w.l(libshutdown2.o)
    0x08000170   0x00000002   Code   RO         3000    .ARM.Collect$$libshutdown$$00000010  c_w.l(libshutdown2.o)
    0x08000172   0x00000000   Code   RO         2870    .ARM.Collect$$rtentry$$00000000  c_w.l(__rtentry.o)
    0x08000172   0x00000000   Code   RO         2877    .ARM.Collect$$rtentry$$00000002  c_w.l(__rtentry2.o)
    0x08000172   0x00000006   Code   RO         2889    .ARM.Collect$$rtentry$$00000004  c_w.l(__rtentry4.o)
    0x08000178   0x00000000   Code   RO         2879    .ARM.Collect$$rtentry$$00000009  c_w.l(__rtentry2.o)
    0x08000178   0x00000004   Code   RO         2880    .ARM.Collect$$rtentry$$0000000A  c_w.l(__rtentry2.o)
    0x0800017c   0x00000000   Code   RO         2882    .ARM.Collect$$rtentry$$0000000C  c_w.l(__rtentry2.o)
    0x0800017c   0x00000008   Code   RO         2883    .ARM.Collect$$rtentry$$0000000D  c_w.l(__rtentry2.o)
    0x08000184   0x00000002   Code   RO         2912    .ARM.Collect$$rtexit$$00000000  c_w.l(rtexit.o)
    0x08000186   0x00000000   Code   RO         2960    .ARM.Collect$$rtexit$$00000002  c_w.l(rtexit2.o)
    0x08000186   0x00000004   Code   RO         2961    .ARM.Collect$$rtexit$$00000003  c_w.l(rtexit2.o)
    0x0800018a   0x00000006   Code   RO         2962    .ARM.Collect$$rtexit$$00000004  c_w.l(rtexit2.o)
    0x08000190   0x00000034   Code   RO          849  * .text               startup_stm32f10x_md.o
    0x080001c4   0x000000b4   Code   RO         2745    .text               os_cpu_a.o
    0x08000278   0x00000002   Code   RO         2832    .text               c_w.l(use_no_semi_2.o)
    0x0800027a   0x00000002   PAD
    0x0800027c   0x00000018   Code   RO         2836    .text               c_w.l(noretval__2printf.o)
    0x08000294   0x00000068   Code   RO         2838    .text               c_w.l(__printf.o)
    0x080002fc   0x00000078   Code   RO         2840    .text               c_w.l(_printf_dec.o)
    0x08000374   0x00000006   Code   RO         2864    .text               c_w.l(heapauxi.o)
    0x0800037a   0x00000002   Code   RO         2868    .text               c_w.l(use_no_semi.o)
    0x0800037c   0x000000b2   Code   RO         2871    .text               c_w.l(_printf_intcommon.o)
    0x0800042e   0x00000002   PAD
    0x08000430   0x00000024   Code   RO         2873    .text               c_w.l(_printf_char_file.o)
    0x08000454   0x00000030   Code   RO         2891    .text               c_w.l(_printf_char_common.o)
    0x08000484   0x00000008   Code   RO         2893    .text               c_w.l(ferror.o)
    0x0800048c   0x0000004a   Code   RO         2897    .text               c_w.l(sys_stackheap_outer.o)
    0x080004d6   0x00000012   Code   RO         2901    .text               c_w.l(exit.o)
    0x080004e8   0x00000008   Code   RO         2909    .text               c_w.l(libspace.o)
    0x080004f0   0x00000122   Code   RO          334    i.Backward          robot.o
    0x08000612   0x00000004   Code   RO          191    i.BusFault_Handler  stm32f10x_it.o
    0x08000616   0x00000002   PAD
    0x08000618   0x00000028   Code   RO          708    i.Check_WKUP        wkup.o
    0x08000640   0x00000018   Code   RO          765    i.ClearUart2        usart2.o
    0x08000658   0x0000003c   Code   RO          543    i.Clear_TM1624      tm1624.o
    0x08000694   0x00000036   Code   RO          335    i.Dance             robot.o
    0x080006ca   0x00000002   Code   RO          192    i.DebugMon_Handler  stm32f10x_it.o
    0x080006cc   0x00000014   Code   RO          709    i.EXTI0_IRQHandler  wkup.o
    0x080006e0   0x0000000c   Code   RO         1998    i.EXTI_ClearITPendingBit  stm32f10x_exti.o
    0x080006ec   0x00000122   Code   RO          336    i.Forward           robot.o
    0x0800080e   0x00000116   Code   RO          895    i.GPIO_Init         stm32f10x_gpio.o
    0x08000924   0x00000004   Code   RO          902    i.GPIO_ResetBits    stm32f10x_gpio.o
    0x08000928   0x00000004   Code   RO          903    i.GPIO_SetBits      stm32f10x_gpio.o
    0x0800092c   0x00000004   Code   RO          193    i.HardFault_Handler  stm32f10x_it.o
    0x08000930   0x00000044   Code   RO          337    i.Head_Action       robot.o
    0x08000974   0x00000068   Code   RO          278    i.Init              george_system.o
    0x080009dc   0x00000004   Code   RO          194    i.MemManage_Handler  stm32f10x_it.o
    0x080009e0   0x00000002   Code   RO          195    i.NMI_Handler       stm32f10x_it.o
    0x080009e2   0x00000002   PAD
    0x080009e4   0x00000070   Code   RO          853    i.NVIC_Init         misc.o
    0x08000a54   0x00000014   Code   RO          854    i.NVIC_PriorityGroupConfig  misc.o
    0x08000a68   0x0000002c   Code   RO         2111    i.OSInit            os_core.o
    0x08000a94   0x00000002   Code   RO         2748    i.OSInitHookBegin   os_cpu_c.o
    0x08000a96   0x00000002   Code   RO         2749    i.OSInitHookEnd     os_cpu_c.o
    0x08000a98   0x00000024   Code   RO         2112    i.OSIntEnter        os_core.o
    0x08000abc   0x00000090   Code   RO         2113    i.OSIntExit         os_core.o
    0x08000b4c   0x00000040   Code   RO         2114    i.OSSchedLock       os_core.o
    0x08000b8c   0x00000060   Code   RO         2115    i.OSSchedUnlock     os_core.o
    0x08000bec   0x00000048   Code   RO         2116    i.OSStart           os_core.o
    0x08000c34   0x00000002   Code   RO         2750    i.OSTCBInitHook     os_cpu_c.o
    0x08000c36   0x00000002   PAD
    0x08000c38   0x000000a0   Code   RO         2608    i.OSTaskCreate      os_task.o
    0x08000cd8   0x000000b8   Code   RO         2609    i.OSTaskCreateExt   os_task.o
    0x08000d90   0x00000002   Code   RO         2751    i.OSTaskCreateHook  os_cpu_c.o
    0x08000d92   0x00000002   Code   RO         2753    i.OSTaskIdleHook    os_cpu_c.o
    0x08000d94   0x00000070   Code   RO         2613    i.OSTaskNameSet     os_task.o
    0x08000e04   0x00000002   Code   RO         2755    i.OSTaskStatHook    os_cpu_c.o
    0x08000e06   0x00000002   PAD
    0x08000e08   0x0000008c   Code   RO         2618    i.OSTaskStkChk      os_task.o
    0x08000e94   0x0000009a   Code   RO         2756    i.OSTaskStkInit     os_cpu_c.o
    0x08000f2e   0x00000002   PAD
    0x08000f30   0x000000a8   Code   RO         2619    i.OSTaskSuspend     os_task.o
    0x08000fd8   0x00000002   Code   RO         2757    i.OSTaskSwHook      os_cpu_c.o
    0x08000fda   0x00000002   PAD
    0x08000fdc   0x00000078   Code   RO         2703    i.OSTimeDly         os_time.o
    0x08001054   0x000000ec   Code   RO         2118    i.OSTimeTick        os_core.o
    0x08001140   0x00000002   Code   RO         2758    i.OSTimeTickHook    os_cpu_c.o
    0x08001142   0x00000002   PAD
    0x08001144   0x00000058   Code   RO         2302    i.OS_FlagInit       os_flag.o
    0x0800119c   0x00000054   Code   RO         2125    i.OS_InitEventList  os_core.o
    0x080011f0   0x00000054   Code   RO         2126    i.OS_InitMisc       os_core.o
    0x08001244   0x00000044   Code   RO         2127    i.OS_InitRdyList    os_core.o
    0x08001288   0x00000080   Code   RO         2128    i.OS_InitTCBList    os_core.o
    0x08001308   0x00000050   Code   RO         2129    i.OS_InitTaskIdle   os_core.o
    0x08001358   0x00000050   Code   RO         2130    i.OS_InitTaskStat   os_core.o
    0x080013a8   0x00000012   Code   RO         2131    i.OS_MemClr         os_core.o
    0x080013ba   0x00000002   PAD
    0x080013bc   0x00000050   Code   RO         2491    i.OS_QInit          os_q.o
    0x0800140c   0x00000074   Code   RO         2133    i.OS_Sched          os_core.o
    0x08001480   0x0000002c   Code   RO         2134    i.OS_SchedNew       os_core.o
    0x080014ac   0x00000134   Code   RO         2136    i.OS_TCBInit        os_core.o
    0x080015e0   0x00000028   Code   RO         2137    i.OS_TaskIdle       os_core.o
    0x08001608   0x00000088   Code   RO         2138    i.OS_TaskStat       os_core.o
    0x08001690   0x0000003c   Code   RO         2139    i.OS_TaskStatStkChk  os_core.o
    0x080016cc   0x0000001a   Code   RO         2621    i.OS_TaskStkClr     os_task.o
    0x080016e6   0x00000002   PAD
    0x080016e8   0x00000034   Code   RO         2054    i.PWR_EnterSTANDBYMode  stm32f10x_pwr.o
    0x0800171c   0x0000000c   Code   RO         2059    i.PWR_WakeUpPinCmd  stm32f10x_pwr.o
    0x08001728   0x00000020   Code   RO         1577    i.RCC_APB1PeriphClockCmd  stm32f10x_rcc.o
    0x08001748   0x00000020   Code   RO         1579    i.RCC_APB2PeriphClockCmd  stm32f10x_rcc.o
    0x08001768   0x00000020   Code   RO         1580    i.RCC_APB2PeriphResetCmd  stm32f10x_rcc.o
    0x08001788   0x000000d4   Code   RO         1587    i.RCC_GetClocksFreq  stm32f10x_rcc.o
    0x0800185c   0x00000002   Code   RO          196    i.SVC_Handler       stm32f10x_it.o
    0x0800185e   0x00000002   PAD
    0x08001860   0x00000014   Code   RO          394    i.Servo1            servo.o
    0x08001874   0x00000050   Code   RO          395    i.Servo1_pos        servo.o
    0x080018c4   0x00000014   Code   RO          396    i.Servo2            servo.o
    0x080018d8   0x00000050   Code   RO          397    i.Servo2_pos        servo.o
    0x08001928   0x00000014   Code   RO          398    i.Servo3            servo.o
    0x0800193c   0x0000006c   Code   RO          399    i.Servo3_pos        servo.o
    0x080019a8   0x00000014   Code   RO          400    i.Servo4            servo.o
    0x080019bc   0x00000058   Code   RO          401    i.Servo4_pos        servo.o
    0x08001a14   0x00000120   Code   RO          402    i.Servo_Init        servo.o
    0x08001b34   0x00000070   Code   RO          516    i.SetMotor          stepper.o
    0x08001ba4   0x00000008   Code   RO          300    i.SetSysClock       system_stm32f10x.o
    0x08001bac   0x000000e0   Code   RO          301    i.SetSysClockTo72   system_stm32f10x.o
    0x08001c8c   0x00000100   Code   RO          338    i.Shake             robot.o
    0x08001d8c   0x0000002c   Code   RO          517    i.Step_Motor_GPIO_Init  stepper.o
    0x08001db8   0x00000028   Code   RO          857    i.SysTick_CLKSourceConfig  misc.o
    0x08001de0   0x0000001c   Code   RO          585    i.SysTick_Handler   delay.o
    0x08001dfc   0x00000012   Code   RO          710    i.Sys_Enter_Standby  wkup.o
    0x08001e0e   0x00000016   Code   RO          711    i.Sys_Standby       wkup.o
    0x08001e24   0x00000060   Code   RO          303    i.SystemInit        system_stm32f10x.o
    0x08001e84   0x00000068   Code   RO          197    i.TIM2_IRQHandler   stm32f10x_it.o
    0x08001eec   0x0000005c   Code   RO          696    i.TIM2_Int_Init     timer.o
    0x08001f48   0x00000018   Code   RO         1007    i.TIM_ARRPreloadConfig  stm32f10x_tim.o
    0x08001f60   0x00000006   Code   RO         1014    i.TIM_ClearITPendingBit  stm32f10x_tim.o
    0x08001f66   0x00000018   Code   RO         1019    i.TIM_Cmd           stm32f10x_tim.o
    0x08001f7e   0x0000001e   Code   RO         1021    i.TIM_CtrlPWMOutputs  stm32f10x_tim.o
    0x08001f9c   0x00000022   Code   RO         1040    i.TIM_GetITStatus   stm32f10x_tim.o
    0x08001fbe   0x00000012   Code   RO         1044    i.TIM_ITConfig      stm32f10x_tim.o
    0x08001fd0   0x00000098   Code   RO         1048    i.TIM_OC1Init       stm32f10x_tim.o
    0x08002068   0x000000a4   Code   RO         1053    i.TIM_OC2Init       stm32f10x_tim.o
    0x0800210c   0x0000001a   Code   RO         1056    i.TIM_OC2PreloadConfig  stm32f10x_tim.o
    0x08002126   0x00000002   PAD
    0x08002128   0x000000a0   Code   RO         1058    i.TIM_OC3Init       stm32f10x_tim.o
    0x080021c8   0x00000012   Code   RO         1061    i.TIM_OC3PreloadConfig  stm32f10x_tim.o
    0x080021da   0x00000002   PAD
    0x080021dc   0x0000007c   Code   RO         1063    i.TIM_OC4Init       stm32f10x_tim.o
    0x08002258   0x0000001a   Code   RO         1065    i.TIM_OC4PreloadConfig  stm32f10x_tim.o
    0x08002272   0x00000004   Code   RO         1080    i.TIM_SetCompare1   stm32f10x_tim.o
    0x08002276   0x00000004   Code   RO         1081    i.TIM_SetCompare2   stm32f10x_tim.o
    0x0800227a   0x00000004   Code   RO         1082    i.TIM_SetCompare3   stm32f10x_tim.o
    0x0800227e   0x00000006   Code   RO         1083    i.TIM_SetCompare4   stm32f10x_tim.o
    0x08002284   0x000000a4   Code   RO         1090    i.TIM_TimeBaseInit  stm32f10x_tim.o
    0x08002328   0x00000068   Code   RO          544    i.TM1624_Write      tm1624.o
    0x08002390   0x0000006c   Code   RO          546    i.Tm1624_Display2   tm1624.o
    0x080023fc   0x00000038   Code   RO          547    i.Tm1624_Init       tm1624.o
    0x08002434   0x00000098   Code   RO          339    i.Turn_Left         robot.o
    0x080024cc   0x00000098   Code   RO          340    i.Turn_Right        robot.o
    0x08002564   0x0000002c   Code   RO          768    i.USART2_IRQHandler  usart2.o
    0x08002590   0x00000012   Code   RO         1775    i.USART_ClearFlag   stm32f10x_usart.o
    0x080025a2   0x00000018   Code   RO         1779    i.USART_Cmd         stm32f10x_usart.o
    0x080025ba   0x0000001a   Code   RO         1782    i.USART_GetFlagStatus  stm32f10x_usart.o
    0x080025d4   0x00000054   Code   RO         1783    i.USART_GetITStatus  stm32f10x_usart.o
    0x08002628   0x0000004a   Code   RO         1785    i.USART_ITConfig    stm32f10x_usart.o
    0x08002672   0x00000002   PAD
    0x08002674   0x000000d8   Code   RO         1786    i.USART_Init        stm32f10x_usart.o
    0x0800274c   0x0000000a   Code   RO         1793    i.USART_ReceiveData  stm32f10x_usart.o
    0x08002756   0x00000008   Code   RO         1796    i.USART_SendData    stm32f10x_usart.o
    0x0800275e   0x00000004   Code   RO          198    i.UsageFault_Handler  stm32f10x_it.o
    0x08002762   0x00000002   PAD
    0x08002764   0x0000002c   Code   RO          770    i.UsartRace_Data    usart2.o
    0x08002790   0x00000028   Code   RO          771    i.WriteUart2Buff    usart2.o
    0x080027b8   0x0000002c   Code   RO          548    i.Write_Com         tm1624.o
    0x080027e4   0x00000004   Code   RO          664    i._sys_exit         usart.o
    0x080027e8   0x0000005c   Code   RO          586    i.delay_init        delay.o
    0x08002844   0x00000050   Code   RO          587    i.delay_ms          delay.o
    0x08002894   0x00000008   Code   RO          588    i.delay_osschedlock  delay.o
    0x0800289c   0x00000008   Code   RO          589    i.delay_osschedunlock  delay.o
    0x080028a4   0x0000000c   Code   RO          590    i.delay_ostimedly   delay.o
    0x080028b0   0x0000005c   Code   RO          591    i.delay_us          delay.o
    0x0800290c   0x00000024   Code   RO          665    i.fputc             usart.o
    0x08002930   0x00000008   Code   RO            1    i.led_task          main.o
    0x08002938   0x00000024   Code   RO            2    i.main              main.o
    0x0800295c   0x00000054   Code   RO          518    i.motorNcircle      stepper.o
    0x080029b0   0x00000050   Code   RO          279    i.process           george_system.o
    0x08002a00   0x00000028   Code   RO            3    i.robot_task        main.o
    0x08002a28   0x00000044   Code   RO            4    i.start_task        main.o
    0x08002a6c   0x000000a4   Code   RO          773    i.uart2_init        usart2.o
    0x08002b10   0x000000a0   Code   RO          666    i.uart_init         usart.o
    0x08002bb0   0x00000100   Data   RO         2141    .constdata          os_core.o
    0x08002cb0   0x00000020   Data   RO         3032    Region$$Table       anon$$obj.o


    Execution Region ER_RW (Base: 0x20000000, Size: 0x00000098, Max: 0xffffffff, ABSOLUTE)

    Base Addr    Size         Type   Attr      Idx    E Section Name        Object

    0x20000000   0x00000002   Data   RW            6    .data               main.o
    0x20000002   0x00000002   Data   RW          199    .data               stm32f10x_it.o
    0x20000004   0x00000014   Data   RW          304    .data               system_stm32f10x.o
    0x20000018   0x00000007   Data   RW          403    .data               servo.o
    0x2000001f   0x00000010   Data   RW          519    .data               stepper.o
    0x2000002f   0x00000001   PAD
    0x20000030   0x00000004   Data   RW          592    .data               delay.o
    0x20000034   0x00000005   Data   RW          668    .data               usart.o
    0x20000039   0x00000001   Data   RW          775    .data               usart2.o
    0x2000003a   0x00000014   Data   RW         1607    .data               stm32f10x_rcc.o
    0x2000004e   0x00000002   PAD
    0x20000050   0x00000048   Data   RW         2142    .data               os_core.o


    Execution Region ER_ZI (Base: 0x20000098, Size: 0x00000ff0, Max: 0xffffffff, ABSOLUTE)

    Base Addr    Size         Type   Attr      Idx    E Section Name        Object

    0x20000098   0x00000300   Zero   RW            5    .bss                main.o
    0x20000398   0x0000000f   Zero   RW          774    .bss                usart2.o
    0x200003a7   0x00000001   PAD
    0x200003a8   0x00000a80   Zero   RW         2140    .bss                os_core.o
    0x20000e28   0x00000060   Zero   RW         2910    .bss                c_w.l(libspace.o)
    0x20000e88   0x00000000   Zero   RW          847    HEAP                startup_stm32f10x_md.o
    0x20000e88   0x00000200   Zero   RW          846    STACK               startup_stm32f10x_md.o


==============================================================================

Image component sizes


      Code (inc. data)   RO Data    RW Data    ZI Data      Debug   Object Name

       320         40          0          4          0       3589   delay.o
       184         30          0          0          0        925   george_system.o
       152         36          0          2        768     261941   main.o
       172         22          0          0          0       1945   misc.o
      1938        382        256         72       2688      18511   os_core.o
       180         36          0          0          0        308   os_cpu_a.o
       170          0          0          0          0      12443   os_cpu_c.o
        88         14          0          0          0        562   os_flag.o
        80          8          0          0          0        531   os_q.o
       790         64          0          0          0       5216   os_task.o
       120         20          0          0          0        600   os_time.o
      1262          0          0          0          0       3596   robot.o
       724        108          0          7          0       5311   servo.o
        52         18        236          0        512        772   startup_stm32f10x_md.o
       240         20          0         16          0       2324   stepper.o
        12          6          0          0          0        497   stm32f10x_exti.o
       286          0          0          0          0       2924   stm32f10x_gpio.o
       126         16          0          2          0     205046   stm32f10x_it.o
        64         16          0          0          0        942   stm32f10x_pwr.o
       308         38          0         20          0       4831   stm32f10x_rcc.o
       988         92          0          0          0      10899   stm32f10x_tim.o
       460          6          0          0          0       6479   stm32f10x_usart.o
         0          0          0          0          0         32   sys.o
       328         28          0         20          0       1945   system_stm32f10x.o
        92          0          0          0          0        636   timer.o
       372         28          0          0          0       2514   tm1624.o
       200         12          0          5          0       3440   usart.o
       316         30          0          1         15       3144   usart2.o
       100          4          0          0          0       1822   wkup.o

    ----------------------------------------------------------------------
     10152       1074        524        152       3984     563725   Object Totals
         0          0         32          0          0          0   (incl. Generated)
        28          0          0          3          1          0   (incl. Padding)

    ----------------------------------------------------------------------

      Code (inc. data)   RO Data    RW Data    ZI Data      Debug   Library Member Name

         8          0          0          0          0         68   __main.o
       104          0          0          0          0         84   __printf.o
         0          0          0          0          0          0   __rtentry.o
        12          0          0          0          0          0   __rtentry2.o
         6          0          0          0          0          0   __rtentry4.o
        52          8          0          0          0          0   __scatter.o
        26          0          0          0          0          0   __scatter_copy.o
        28          0          0          0          0          0   __scatter_zi.o
        48          6          0          0          0         96   _printf_char_common.o
        36          4          0          0          0         80   _printf_char_file.o
         6          0          0          0          0          0   _printf_d.o
       120         16          0          0          0         92   _printf_dec.o
       178          0          0          0          0         88   _printf_intcommon.o
         0          0          0          0          0          0   _printf_percent.o
         4          0          0          0          0          0   _printf_percent_end.o
        18          0          0          0          0         80   exit.o
         8          0          0          0          0         68   ferror.o
         6          0          0          0          0        152   heapauxi.o
         2          0          0          0          0          0   libinit.o
         2          0          0          0          0          0   libinit2.o
         2          0          0          0          0          0   libshutdown.o
         2          0          0          0          0          0   libshutdown2.o
         8          4          0          0         96         68   libspace.o
        24          4          0          0          0         84   noretval__2printf.o
         2          0          0          0          0          0   rtexit.o
        10          0          0          0          0          0   rtexit2.o
        74          0          0          0          0         80   sys_stackheap_outer.o
         2          0          0          0          0         68   use_no_semi.o
         2          0          0          0          0         68   use_no_semi_2.o

    ----------------------------------------------------------------------
       796         42          0          0         96       1176   Library Totals
         6          0          0          0          0          0   (incl. Padding)

    ----------------------------------------------------------------------

      Code (inc. data)   RO Data    RW Data    ZI Data      Debug   Library Name

       790         42          0          0         96       1176   c_w.l

    ----------------------------------------------------------------------
       796         42          0          0         96       1176   Library Totals

    ----------------------------------------------------------------------

==============================================================================


      Code (inc. data)   RO Data    RW Data    ZI Data      Debug   

     10948       1116        524        152       4080     557461   Grand Totals
     10948       1116        524        152       4080     557461   ELF Image Totals
     10948       1116        524        152          0          0   ROM Totals

==============================================================================

    Total RO  Size (Code + RO Data)                11472 (  11.20kB)
    Total RW  Size (RW Data + ZI Data)              4232 (   4.13kB)
    Total ROM Size (Code + RO Data + RW Data)      11624 (  11.35kB)

==============================================================================

